Component: ARM Compiler 5.06 update 4 (build 422) Tool: armlink [4d35d2]

==============================================================================

Section Cross References

    system_stm32l4xx.o(i.SystemCoreClockUpdate) refers to system_stm32l4xx.o(.constdata) for MSIRangeTable
    system_stm32l4xx.o(i.SystemCoreClockUpdate) refers to system_stm32l4xx.o(.data) for SystemCoreClock
    stm32l4xx_hal_pwr.o(i.HAL_PWR_EnterSLEEPMode) refers to stm32l4xx_hal_pwr_ex.o(i.HAL_PWREx_DisableLowPowerRunMode) for HAL_PWREx_DisableLowPowerRunMode
    stm32l4xx_hal_pwr.o(i.HAL_PWR_EnterSLEEPMode) refers to stm32l4xx_hal_pwr_ex.o(i.HAL_PWREx_EnableLowPowerRunMode) for HAL_PWREx_EnableLowPowerRunMode
    stm32l4xx_hal_pwr.o(i.HAL_PWR_EnterSTOPMode) refers to stm32l4xx_hal_pwr_ex.o(i.HAL_PWREx_EnterSTOP1Mode) for HAL_PWREx_EnterSTOP1Mode
    stm32l4xx_hal_pwr.o(i.HAL_PWR_EnterSTOPMode) refers to stm32l4xx_hal_pwr_ex.o(i.HAL_PWREx_EnterSTOP0Mode) for HAL_PWREx_EnterSTOP0Mode
    stm32l4xx_hal.o(i.HAL_DeInit) refers to stm32l4xx_hal.o(i.HAL_MspDeInit) for HAL_MspDeInit
    stm32l4xx_hal.o(i.HAL_Delay) refers to stm32l4xx_hal.o(i.HAL_GetTick) for HAL_GetTick
    stm32l4xx_hal.o(i.HAL_GetTick) refers to stm32l4xx_hal.o(.data) for uwTick
    stm32l4xx_hal.o(i.HAL_IncTick) refers to stm32l4xx_hal.o(.data) for uwTick
    stm32l4xx_hal.o(i.HAL_Init) refers to stm32l4xx_hal_cortex.o(i.HAL_NVIC_SetPriorityGrouping) for HAL_NVIC_SetPriorityGrouping
    stm32l4xx_hal.o(i.HAL_Init) refers to stm32l4xx_hal_timebase_tim.o(i.HAL_InitTick) for HAL_InitTick
    stm32l4xx_hal.o(i.HAL_Init) refers to stm32l4xx_hal_msp.o(i.HAL_MspInit) for HAL_MspInit
    stm32l4xx_hal.o(i.HAL_InitTick) refers to stm32l4xx_hal_cortex.o(i.HAL_SYSTICK_Config) for HAL_SYSTICK_Config
    stm32l4xx_hal.o(i.HAL_InitTick) refers to stm32l4xx_hal_cortex.o(i.HAL_NVIC_SetPriority) for HAL_NVIC_SetPriority
    stm32l4xx_hal.o(i.HAL_InitTick) refers to system_stm32l4xx.o(.data) for SystemCoreClock
    stm32l4xx_hal.o(i.HAL_SYSCFG_EnableVREFBUF) refers to stm32l4xx_hal.o(i.HAL_GetTick) for HAL_GetTick
    stm32l4xx_hal_dma.o(i.HAL_DMA_PollForTransfer) refers to stm32l4xx_hal.o(i.HAL_GetTick) for HAL_GetTick
    stm32l4xx_hal_dma.o(i.HAL_DMA_Start) refers to stm32l4xx_hal_dma.o(i.DMA_SetConfig) for DMA_SetConfig
    stm32l4xx_hal_dma.o(i.HAL_DMA_Start_IT) refers to stm32l4xx_hal_dma.o(i.DMA_SetConfig) for DMA_SetConfig
    stm32l4xx_hal_pwr_ex.o(i.HAL_PWREx_ControlVoltageScaling) refers to system_stm32l4xx.o(.data) for SystemCoreClock
    stm32l4xx_hal_pwr_ex.o(i.HAL_PWREx_DisableLowPowerRunMode) refers to system_stm32l4xx.o(.data) for SystemCoreClock
    stm32l4xx_hal_pwr_ex.o(i.HAL_PWREx_PVD_PVM_IRQHandler) refers to stm32l4xx_hal_pwr.o(i.HAL_PWR_PVDCallback) for HAL_PWR_PVDCallback
    stm32l4xx_hal_pwr_ex.o(i.HAL_PWREx_PVD_PVM_IRQHandler) refers to stm32l4xx_hal_pwr_ex.o(i.HAL_PWREx_PVM2Callback) for HAL_PWREx_PVM2Callback
    stm32l4xx_hal_pwr_ex.o(i.HAL_PWREx_PVD_PVM_IRQHandler) refers to stm32l4xx_hal_pwr_ex.o(i.HAL_PWREx_PVM3Callback) for HAL_PWREx_PVM3Callback
    stm32l4xx_hal_pwr_ex.o(i.HAL_PWREx_PVD_PVM_IRQHandler) refers to stm32l4xx_hal_pwr_ex.o(i.HAL_PWREx_PVM4Callback) for HAL_PWREx_PVM4Callback
    stm32l4xx_hal_adc.o(i.ADC_ConversionStop) refers to stm32l4xx_hal.o(i.HAL_GetTick) for HAL_GetTick
    stm32l4xx_hal_adc.o(i.ADC_DMAConvCplt) refers to stm32l4xx_hal_adc.o(i.HAL_ADC_ConvCpltCallback) for HAL_ADC_ConvCpltCallback
    stm32l4xx_hal_adc.o(i.ADC_DMAConvCplt) refers to stm32l4xx_hal_adc.o(i.HAL_ADC_ErrorCallback) for HAL_ADC_ErrorCallback
    stm32l4xx_hal_adc.o(i.ADC_DMAError) refers to stm32l4xx_hal_adc.o(i.HAL_ADC_ErrorCallback) for HAL_ADC_ErrorCallback
    stm32l4xx_hal_adc.o(i.ADC_DMAHalfConvCplt) refers to stm32l4xx_hal_adc.o(i.HAL_ADC_ConvHalfCpltCallback) for HAL_ADC_ConvHalfCpltCallback
    stm32l4xx_hal_adc.o(i.ADC_Disable) refers to stm32l4xx_hal.o(i.HAL_GetTick) for HAL_GetTick
    stm32l4xx_hal_adc.o(i.ADC_Enable) refers to stm32l4xx_hal.o(i.HAL_GetTick) for HAL_GetTick
    stm32l4xx_hal_adc.o(i.HAL_ADC_ConfigChannel) refers to system_stm32l4xx.o(.data) for SystemCoreClock
    stm32l4xx_hal_adc.o(i.HAL_ADC_DeInit) refers to stm32l4xx_hal_adc.o(i.ADC_ConversionStop) for ADC_ConversionStop
    stm32l4xx_hal_adc.o(i.HAL_ADC_DeInit) refers to stm32l4xx_hal_adc.o(i.ADC_Disable) for ADC_Disable
    stm32l4xx_hal_adc.o(i.HAL_ADC_DeInit) refers to adc.o(i.HAL_ADC_MspDeInit) for HAL_ADC_MspDeInit
    stm32l4xx_hal_adc.o(i.HAL_ADC_IRQHandler) refers to stm32l4xx_hal_adc_ex.o(i.HAL_ADCEx_EndOfSamplingCallback) for HAL_ADCEx_EndOfSamplingCallback
    stm32l4xx_hal_adc.o(i.HAL_ADC_IRQHandler) refers to stm32l4xx_hal_adc.o(i.HAL_ADC_ConvCpltCallback) for HAL_ADC_ConvCpltCallback
    stm32l4xx_hal_adc.o(i.HAL_ADC_IRQHandler) refers to stm32l4xx_hal_adc_ex.o(i.HAL_ADCEx_InjectedConvCpltCallback) for HAL_ADCEx_InjectedConvCpltCallback
[...]
    HAL_GPIO_EXTI_IRQHandler                 0x08003061   Thumb Code    24  stm32l4xx_hal_gpio.o(i.HAL_GPIO_EXTI_IRQHandler)
    HAL_GPIO_Init                            0x0800307d   Thumb Code   484  stm32l4xx_hal_gpio.o(i.HAL_GPIO_Init)
    HAL_GPIO_ReadPin                         0x08003285   Thumb Code    16  stm32l4xx_hal_gpio.o(i.HAL_GPIO_ReadPin)
    HAL_GPIO_WritePin                        0x08003295   Thumb Code    10  stm32l4xx_hal_gpio.o(i.HAL_GPIO_WritePin)
    HAL_GetTick                              0x080032a1   Thumb Code     6  stm32l4xx_hal.o(i.HAL_GetTick)
    HAL_IncTick                              0x080032ad   Thumb Code    12  stm32l4xx_hal.o(i.HAL_IncTick)
    HAL_Init                                 0x080032bd   Thumb Code    22  stm32l4xx_hal.o(i.HAL_Init)
    HAL_InitTick                             0x080032d5   Thumb Code   118  stm32l4xx_hal_timebase_tim.o(i.HAL_InitTick)
    HAL_MspInit                              0x0800335d   Thumb Code   140  stm32l4xx_hal_msp.o(i.HAL_MspInit)
    HAL_NVIC_ClearPendingIRQ                 0x080033ed   Thumb Code    22  stm32l4xx_hal_cortex.o(i.HAL_NVIC_ClearPendingIRQ)
    HAL_NVIC_DisableIRQ                      0x08003409   Thumb Code    22  stm32l4xx_hal_cortex.o(i.HAL_NVIC_DisableIRQ)
    HAL_NVIC_EnableIRQ                       0x08003425   Thumb Code    26  stm32l4xx_hal_cortex.o(i.HAL_NVIC_EnableIRQ)
    HAL_NVIC_SetPriority                     0x0800343f   Thumb Code   124  stm32l4xx_hal_cortex.o(i.HAL_NVIC_SetPriority)
    HAL_NVIC_SetPriorityGrouping             0x080034c1   Thumb Code    32  stm32l4xx_hal_cortex.o(i.HAL_NVIC_SetPriorityGrouping)
    HAL_NVIC_SystemReset                     0x080034e9   Thumb Code    60  stm32l4xx_hal_cortex.o(i.HAL_NVIC_SystemReset)
    HAL_PWREx_ControlVoltageScaling          0x0800352d   Thumb Code   128  stm32l4xx_hal_pwr_ex.o(i.HAL_PWREx_ControlVoltageScaling)
    HAL_PWREx_GetVoltageRange                0x080035b9   Thumb Code    10  stm32l4xx_hal_pwr_ex.o(i.HAL_PWREx_GetVoltageRange)
    HAL_RCCEx_PeriphCLKConfig                0x080035c9   Thumb Code  1158  stm32l4xx_hal_rcc_ex.o(i.HAL_RCCEx_PeriphCLKConfig)
    HAL_RCC_ClockConfig                      0x08003a55   Thumb Code   470  stm32l4xx_hal_rcc.o(i.HAL_RCC_ClockConfig)
    HAL_RCC_GetClockConfig                   0x08003c3d   Thumb Code    58  stm32l4xx_hal_rcc.o(i.HAL_RCC_GetClockConfig)
    HAL_RCC_GetHCLKFreq                      0x08003c81   Thumb Code     6  stm32l4xx_hal_rcc.o(i.HAL_RCC_GetHCLKFreq)
    HAL_RCC_GetPCLK1Freq                     0x08003c8d   Thumb Code    36  stm32l4xx_hal_rcc.o(i.HAL_RCC_GetPCLK1Freq)
    HAL_RCC_GetPCLK2Freq                     0x08003cb9   Thumb Code    36  stm32l4xx_hal_rcc.o(i.HAL_RCC_GetPCLK2Freq)
    HAL_RCC_GetSysClockFreq                  0x08003ce5   Thumb Code   356  stm32l4xx_hal_rcc.o(i.HAL_RCC_GetSysClockFreq)
    HAL_RCC_OscConfig                        0x08003e59   Thumb Code  1598  stm32l4xx_hal_rcc.o(i.HAL_RCC_OscConfig)
    HAL_RTC_Init                             0x080044a5   Thumb Code   228  stm32l4xx_hal_rtc.o(i.HAL_RTC_Init)
    HAL_RTC_MspInit                          0x0800458d   Thumb Code    26  rtc.o(i.HAL_RTC_MspInit)
    HAL_RTC_WaitForSynchro                   0x080045b1   Thumb Code    58  stm32l4xx_hal_rtc.o(i.HAL_RTC_WaitForSynchro)
    HAL_SPI_GetState                         0x080045eb   Thumb Code     8  stm32l4xx_hal_spi.o(i.HAL_SPI_GetState)
    HAL_SPI_Init                             0x080045f3   Thumb Code   192  stm32l4xx_hal_spi.o(i.HAL_SPI_Init)
    HAL_SPI_MspInit                          0x080046b5   Thumb Code    76  spi.o(i.HAL_SPI_MspInit)
    HAL_SPI_TransmitReceive                  0x0800470d   Thumb Code   648  stm32l4xx_hal_spi.o(i.HAL_SPI_TransmitReceive)
    HAL_SYSTICK_CLKSourceConfig              0x0800499b   Thumb Code    40  stm32l4xx_hal_cortex.o(i.HAL_SYSTICK_CLKSourceConfig)
    HAL_SYSTICK_Config                       0x080049c3   Thumb Code    52  stm32l4xx_hal_cortex.o(i.HAL_SYSTICK_Config)
    HAL_TIMEx_BreakCallback                  0x080049f7   Thumb Code     2  stm32l4xx_hal_tim_ex.o(i.HAL_TIMEx_BreakCallback)
    HAL_TIMEx_CommutationCallback            0x080049f9   Thumb Code     2  stm32l4xx_hal_tim_ex.o(i.HAL_TIMEx_CommutationCallback)
    HAL_TIMEx_MasterConfigSynchronization    0x080049fd   Thumb Code    98  stm32l4xx_hal_tim_ex.o(i.HAL_TIMEx_MasterConfigSynchronization)
    HAL_TIM_Base_Init                        0x08004a69   Thumb Code    52  stm32l4xx_hal_tim.o(i.HAL_TIM_Base_Init)
    HAL_TIM_Base_MspInit                     0x08004a9d   Thumb Code   112  tim.o(i.HAL_TIM_Base_MspInit)
    HAL_TIM_Base_Start_IT                    0x08004b19   Thumb Code    30  stm32l4xx_hal_tim.o(i.HAL_TIM_Base_Start_IT)
    HAL_TIM_IC_CaptureCallback               0x08004b37   Thumb Code     2  stm32l4xx_hal_tim.o(i.HAL_TIM_IC_CaptureCallback)
    HAL_TIM_IRQHandler                       0x08004b39   Thumb Code   406  stm32l4xx_hal_tim.o(i.HAL_TIM_IRQHandler)
    HAL_TIM_OC_DelayElapsedCallback          0x08004ccf   Thumb Code     2  stm32l4xx_hal_tim.o(i.HAL_TIM_OC_DelayElapsedCallback)
    HAL_TIM_PWM_PulseFinishedCallback        0x08004cd1   Thumb Code     2  stm32l4xx_hal_tim.o(i.HAL_TIM_PWM_PulseFinishedCallback)
    HAL_TIM_PeriodElapsedCallback            0x08004cd5   Thumb Code    24  main.o(i.HAL_TIM_PeriodElapsedCallback)
    HAL_TIM_PeriodElapsedCallback2           0x08004cf1   Thumb Code   600  my_time.o(i.HAL_TIM_PeriodElapsedCallback2)
    HAL_TIM_TriggerCallback                  0x08004fcd   Thumb Code     2  stm32l4xx_hal_tim.o(i.HAL_TIM_TriggerCallback)
    HAL_UARTEx_WakeupCallback                0x08004fcf   Thumb Code     2  stm32l4xx_hal_uart_ex.o(i.HAL_UARTEx_WakeupCallback)
    HAL_UART_ErrorCallback                   0x08004fd1   Thumb Code     2  stm32l4xx_hal_uart.o(i.HAL_UART_ErrorCallback)
    HAL_UART_IRQHandler                      0x08004fd5   Thumb Code   394  stm32l4xx_hal_uart.o(i.HAL_UART_IRQHandler)
    HAL_UART_Init                            0x08005165   Thumb Code   120  stm32l4xx_hal_uart.o(i.HAL_UART_Init)
    HAL_UART_MspInit                         0x080051dd   Thumb Code    92  usart.o(i.HAL_UART_MspInit)
    HAL_UART_Receive_IT                      0x08005241   Thumb Code   188  stm32l4xx_hal_uart.o(i.HAL_UART_Receive_IT)
    HAL_UART_RxCpltCallback                  0x080052fd   Thumb Code   156  my_usart_change.o(i.HAL_UART_RxCpltCallback)
    HAL_UART_Transmit                        0x080053b5   Thumb Code   198  stm32l4xx_hal_uart.o(i.HAL_UART_Transmit)
    HAL_UART_TxCpltCallback                  0x0800547b   Thumb Code     2  stm32l4xx_hal_uart.o(i.HAL_UART_TxCpltCallback)
    HardFault_Handler                        0x0800547d   Thumb Code    10  stm32l4xx_it.o(i.HardFault_Handler)
    IAP_Write_App_Bin                        0x080054a5   Thumb Code   144  bsp_iap.o(i.IAP_Write_App_Bin)
    MX_ADC1_Init                             0x08005541   Thumb Code   330  adc.o(i.MX_ADC1_Init)
    MX_ADC2_Init                             0x080056a5   Thumb Code   170  adc.o(i.MX_ADC2_Init)
    MX_DAC1_Init                             0x08005769   Thumb Code    86  dac.o(i.MX_DAC1_Init)
    MX_DMA_Init                              0x080057d9   Thumb Code    90  dma.o(i.MX_DMA_Init)
    MX_FREERTOS_Init                         0x08005839   Thumb Code   234  freertos.o(i.MX_FREERTOS_Init)
    MX_GPIO_Init                             0x08005955   Thumb Code   516  gpio.o(i.MX_GPIO_Init)
    MX_RTC_Init                              0x08005b75   Thumb Code    48  rtc.o(i.MX_RTC_Init)
    MX_SPI3_Init                             0x08005bbd   Thumb Code    78  spi.o(i.MX_SPI3_Init)
    MX_TIM6_Init                             0x08005c25   Thumb Code    66  tim.o(i.MX_TIM6_Init)
    MX_TIM7_Init                             0x08005c81   Thumb Code    62  tim.o(i.MX_TIM7_Init)
    MX_USART2_UART_Init                      0x08005cd9   Thumb Code    60  usart.o(i.MX_USART2_UART_Init)
    MemManage_Handler                        0x08005d2d   Thumb Code    10  stm32l4xx_it.o(i.MemManage_Handler)
    NMI_Handler                              0x08005d55   Thumb Code    10  stm32l4xx_it.o(i.NMI_Handler)
    PostSleepProcessing                      0x08005df1   Thumb Code     2  freertos.o(i.PostSleepProcessing)
    PreSleepProcessing                       0x08005df3   Thumb Code     2  freertos.o(i.PreSleepProcessing)
    RF_RecvHandler_intrrupt_get_data_to_buf  0x0800622d   Thumb Code   192  my_cc1101.o(i.RF_RecvHandler_intrrupt_get_data_to_buf)
    RTC_EnterInitMode                        0x08006349   Thumb Code    62  stm32l4xx_hal_rtc.o(i.RTC_EnterInitMode)
    SPI_ExchangeByte                         0x080063ed   Thumb Code    44  my_cc1101.o(i.SPI_ExchangeByte)
    STMFLASH_Read                            0x08006575   Thumb Code    36  bsp_stm_flash.o(i.STMFLASH_Read)
    STMFLASH_ReadDoubleWord                  0x08006599   Thumb Code     8  bsp_stm_flash.o(i.STMFLASH_ReadDoubleWord)
    STMFLASH_Write                           0x080065a1   Thumb Code   272  bsp_stm_flash.o(i.STMFLASH_Write)
    STMFLASH_Write_NoCheck_64bit             0x080066c3   Thumb Code    46  bsp_stm_flash.o(i.STMFLASH_Write_NoCheck_64bit)
    StartDefaultTask                         0x080066f1   Thumb Code    62  freertos.o(i.StartDefaultTask)
    StartTask02                              0x08006741   Thumb Code   390  freertos.o(i.StartTask02)
    StartTask03                              0x08006929   Thumb Code   608  freertos.o(i.StartTask03)
    StartTask04                              0x08006bc9   Thumb Code   306  freertos.o(i.StartTask04)
    StartTask08                              0x08006d39   Thumb Code   198  freertos.o(i.StartTask08)
    SysTick_Handler                          0x08006e21   Thumb Code     8  stm32l4xx_it.o(i.SysTick_Handler)
    SystemClock_Config                       0x08006e29   Thumb Code   178  main.o(i.SystemClock_Config)
    SystemInit                               0x08006ef1   Thumb Code    68  system_stm32l4xx.o(i.SystemInit)
    TIM1_TRG_COM_TIM17_IRQHandler            0x08006f41   Thumb Code    10  stm32l4xx_it.o(i.TIM1_TRG_COM_TIM17_IRQHandler)
    TIM6_DAC_IRQHandler                      0x08006f51   Thumb Code    16  stm32l4xx_it.o(i.TIM6_DAC_IRQHandler)
    TIM7_IRQHandler                          0x08006f69   Thumb Code    10  stm32l4xx_it.o(i.TIM7_IRQHandler)
    TIM_Base_SetConfig                       0x08006f79   Thumb Code   160  stm32l4xx_hal_tim.o(i.TIM_Base_SetConfig)
    UART_AdvFeatureConfig                    0x08007039   Thumb Code   248  stm32l4xx_hal_uart.o(i.UART_AdvFeatureConfig)
    UART_CheckIdleState                      0x08007131   Thumb Code   116  stm32l4xx_hal_uart.o(i.UART_CheckIdleState)
    UART_SetConfig                           0x08007289   Thumb Code  1156  stm32l4xx_hal_uart.o(i.UART_SetConfig)
    UART_WaitOnFlagUntilTimeout              0x08007781   Thumb Code   108  stm32l4xx_hal_uart.o(i.UART_WaitOnFlagUntilTimeout)
    USART2_IRQHandler                        0x080077ed   Thumb Code    10  stm32l4xx_it.o(i.USART2_IRQHandler)
    USART_printf                             0x080077fd   Thumb Code   402  my_usart.o(i.USART_printf)
    UsageFault_Handler                       0x08007991   Thumb Code    10  stm32l4xx_it.o(i.UsageFault_Handler)
    _Error_Handler                           0x080079bd   Thumb Code     4  main.o(i._Error_Handler)
    __0printf                                0x080079c1   Thumb Code    22  printfa.o(i.__0printf)
    __1printf                                0x080079c1   Thumb Code     0  printfa.o(i.__0printf)
    __2printf                                0x080079c1   Thumb Code     0  printfa.o(i.__0printf)
    __c89printf                              0x080079c1   Thumb Code     0  printfa.o(i.__0printf)
    printf                                   0x080079c1   Thumb Code     0  printfa.o(i.__0printf)
    __hardfp_fabs                            0x080079e1   Thumb Code    20  fabs.o(i.__hardfp_fabs)
    __hardfp_sqrt                            0x080079f5   Thumb Code   122  sqrt.o(i.__hardfp_sqrt)
    __scatterload_copy                       0x08007a6f   Thumb Code    14  handlers.o(i.__scatterload_copy)
    __scatterload_null                       0x08007a7d   Thumb Code     2  handlers.o(i.__scatterload_null)
    __scatterload_zeroinit                   0x08007a7f   Thumb Code    14  handlers.o(i.__scatterload_zeroinit)
    __set_errno                              0x08007a8d   Thumb Code     6  errno.o(i.__set_errno)
    eTaskConfirmSleepModeStatus              0x08008359   Thumb Code    42  tasks.o(i.eTaskConfirmSleepModeStatus)
    filter_1                                 0x08008395   Thumb Code    60  my_adc.o(i.filter_1)
    fputc                                    0x080083d9   Thumb Code    22  my_usart.o(i.fputc)
    fun_Judege_It_cache2                     0x080083f5   Thumb Code   852  my_wave_rec.o(i.fun_Judege_It_cache2)
    fun_Judege_It_cache3                     0x08008839   Thumb Code  1342  my_wave_rec.o(i.fun_Judege_It_cache3)
    fun_Judege_It_end                        0x08008e3d   Thumb Code   572  my_wave_rec.o(i.fun_Judege_It_end)
    fun_my_wave1_to_wave2                    0x080090c1   Thumb Code   704  my_wave_rec.o(i.fun_my_wave1_to_wave2)
    fun_real_all_Current                     0x080093b1   Thumb Code  1168  my_wave_rec.o(i.fun_real_all_Current)
    fun_real_all_dianchang                   0x08009855   Thumb Code   576  my_wave_rec.o(i.fun_real_all_dianchang)
    fun_real_half_Current                    0x08009acd   Thumb Code   632  my_wave_rec.o(i.fun_real_half_Current)
    fun_wave2_to_wave3                       0x08009d81   Thumb Code   254  my_wave_rec.o(i.fun_wave2_to_wave3)
    itoa                                     0x08009eb9   Thumb Code    98  my_usart.o(i.itoa)
    main                                     0x08009f1d   Thumb Code  1512  main.o(i.main)
    my_101frame_analyse                      0x0800a539   Thumb Code  1520  my_cc1101.o(i.my_101frame_analyse)
    my_adc2_convert2                         0x0800ab31   Thumb Code   980  my_wave_rec.o(i.my_adc2_convert2)
    my_adc_1_convert                         0x0800af35   Thumb Code   602  my_adc.o(i.my_adc_1_convert)
    my_adc_1_convert_dis                     0x0800b1e1   Thumb Code   120  my_adc.o(i.my_adc_1_convert_dis)
    my_fun_101_send_long_data                0x0800b289   Thumb Code   138  my_101.o(i.my_fun_101_send_long_data)
    my_fun_101_send_short_data               0x0800b329   Thumb Code    74  my_101.o(i.my_fun_101_send_short_data)
    my_fun_101check_generate                 0x0800b381   Thumb Code   178  my_cc1101.o(i.my_fun_101check_generate)
    my_fun_101check_verify                   0x0800b433   Thumb Code   238  my_cc1101.o(i.my_fun_101check_verify)
    my_fun_101send_AC12T_Cyc_data            0x0800b521   Thumb Code   524  my_101.o(i.my_fun_101send_AC12T_Cyc_data)
    my_fun_101send_AC_Rec_data               0x0800b751   Thumb Code   450  my_101.o(i.my_fun_101send_AC_Rec_data)
    my_fun_101send_AC_data                   0x0800b96d   Thumb Code   216  my_101.o(i.my_fun_101send_AC_data)
    my_fun_101send_Alarm_status_data         0x0800ba59   Thumb Code    70  my_101.o(i.my_fun_101send_Alarm_status_data)
    my_fun_101send_DC_data                   0x0800bab1   Thumb Code   150  my_101.o(i.my_fun_101send_DC_data)
    my_fun_CC1101_init_resume                0x0800bb5d   Thumb Code    82  my_os.o(i.my_fun_CC1101_init_resume)
    my_fun_CC1101_init_reum                  0x0800bc15   Thumb Code   148  my_cc1101.o(i.my_fun_CC1101_init_reum)
    my_fun_CC1101_re_CCA_status              0x0800bccd   Thumb Code    24  my_cc1101.o(i.my_fun_CC1101_re_CCA_status)
    my_fun_CC1101_send_long_data             0x0800bce9   Thumb Code   128  my_cc1101.o(i.my_fun_CC1101_send_long_data)
    my_fun_CC1101_test1                      0x0800bdad   Thumb Code    80  my_os.o(i.my_fun_CC1101_test1)
    my_fun_CC1101_time_dialog_rx2            0x0800be05   Thumb Code   156  my_os.o(i.my_fun_CC1101_time_dialog_rx2)
    my_fun_CC1101_time_dialog_tx2            0x0800bed9   Thumb Code   218  my_os.o(i.my_fun_CC1101_time_dialog_tx2)
    my_fun_DAC_evref_auto_ajust              0x0800bfe5   Thumb Code  2086  my_dac.o(i.my_fun_DAC_evref_auto_ajust)
    my_fun_RX_CC1101_text0_RX_OK             0x0800c869   Thumb Code   258  my_os.o(i.my_fun_RX_CC1101_text0_RX_OK)
    my_fun_Set_DAC_I_ref                     0x0800ca35   Thumb Code   910  my_dac.o(i.my_fun_Set_DAC_I_ref)
    my_fun_TX_CC1101_heart                   0x0800cead   Thumb Code    24  my_os.o(i.my_fun_TX_CC1101_heart)
    my_fun_TX_CC1101_test0                   0x0800ced1   Thumb Code    46  my_os.o(i.my_fun_TX_CC1101_test0)
    my_fun_TX_CC1101_test1                   0x0800cf0d   Thumb Code    52  my_os.o(i.my_fun_TX_CC1101_test1)
    my_fun_TX_CC1101_test2                   0x0800cf4d   Thumb Code    46  my_os.o(i.my_fun_TX_CC1101_test2)
    my_fun_TX_CC1101_test3                   0x0800cf89   Thumb Code    46  my_os.o(i.my_fun_TX_CC1101_test3)
    my_fun_TX_CC1101_test4                   0x0800cfc5   Thumb Code    90  my_os.o(i.my_fun_TX_CC1101_test4)
    my_fun_TX_CC1101_test5                   0x0800d031   Thumb Code    46  my_os.o(i.my_fun_TX_CC1101_test5)
    my_fun_current_exit_just                 0x0800d06d   Thumb Code   170  my_wave_rec.o(i.my_fun_current_exit_just)
    my_fun_display_buf_16                    0x0800d139   Thumb Code    54  my_cc1101.o(i.my_fun_display_buf_16)
    my_fun_get_Line_stop_Efild               0x0800d189   Thumb Code     8  my_wave_rec.o(i.my_fun_get_Line_stop_Efild)
    my_fun_give_Queue                        0x0800d191   Thumb Code   128  my_os.o(i.my_fun_give_Queue)
    my_fun_task_heap_value                   0x0800d241   Thumb Code    94  my_os.o(i.my_fun_task_heap_value)
    my_fun_usart_init_resume                 0x0800d32d   Thumb Code    38  my_os.o(i.my_fun_usart_init_resume)
    my_fun_wave1_to_wave2_old_data           0x0800d365   Thumb Code   140  my_wave_rec.o(i.my_fun_wave1_to_wave2_old_data)
    my_fun_wave_rec                          0x0800d411   Thumb Code    30  my_wave_rec.o(i.my_fun_wave_rec)
    my_fun_write_update_data_to_FLASH        0x0800d431   Thumb Code   370  bsp_iap.o(i.my_fun_write_update_data_to_FLASH)
    my_read_all_reg                          0x0800d7a5   Thumb Code    76  my_cc1101.o(i.my_read_all_reg)
    osDelay                                  0x0800d81d   Thumb Code    24  cmsis_os.o(i.osDelay)
    osKernelStart                            0x0800d835   Thumb Code    10  cmsis_os.o(i.osKernelStart)
    osMessageCreate                          0x0800d83f   Thumb Code    18  cmsis_os.o(i.osMessageCreate)
    osMutexCreate                            0x0800d851   Thumb Code    12  cmsis_os.o(i.osMutexCreate)
    osSystickHandler                         0x0800d85d   Thumb Code    16  cmsis_os.o(i.osSystickHandler)
    osThreadCreate                           0x0800d86d   Thumb Code    48  cmsis_os.o(i.osThreadCreate)
    osTimerCreate                            0x0800d89d   Thumb Code    36  cmsis_os.o(i.osTimerCreate)
    osTimerStart                             0x0800d8c5   Thumb Code   100  cmsis_os.o(i.osTimerStart)
    pvPortMalloc                             0x0800e415   Thumb Code   296  heap_4.o(i.pvPortMalloc)
    pvTaskIncrementMutexHeldCount            0x0800e551   Thumb Code    26  tasks.o(i.pvTaskIncrementMutexHeldCount)
    pxPortInitialiseStack                    0x0800e571   Thumb Code    38  port.o(i.pxPortInitialiseStack)
    uxListRemove                             0x0800e59d   Thumb Code    40  list.o(i.uxListRemove)
    uxTaskGetStackHighWaterMark              0x0800e5c5   Thumb Code    34  tasks.o(i.uxTaskGetStackHighWaterMark)
    uxTaskResetEventItemValue                0x0800e5ed   Thumb Code    24  tasks.o(i.uxTaskResetEventItemValue)
    vEventGroupSetBitsCallback               0x0800e609   Thumb Code    16  event_groups.o(i.vEventGroupSetBitsCallback)
    vListInitialise                          0x0800e619   Thumb Code    26  list.o(i.vListInitialise)
    vListInitialiseItem                      0x0800e633   Thumb Code     6  list.o(i.vListInitialiseItem)
    vListInsert                              0x0800e639   Thumb Code    52  list.o(i.vListInsert)
    vListInsertEnd                           0x0800e66d   Thumb Code    24  list.o(i.vListInsertEnd)
    vPortEnterCritical                       0x0800e685   Thumb Code    76  port.o(i.vPortEnterCritical)
    vPortExitCritical                        0x0800e6d9   Thumb Code    56  port.o(i.vPortExitCritical)
    vPortFree                                0x0800e715   Thumb Code   140  heap_4.o(i.vPortFree)
    vPortSetupTimerInterrupt                 0x0800e7a9   Thumb Code    76  port.o(i.vPortSetupTimerInterrupt)
    vPortSuppressTicksAndSleep               0x0800e805   Thumb Code   336  port.o(i.vPortSuppressTicksAndSleep)
    vPortValidateInterruptPriority           0x0800e961   Thumb Code   106  port.o(i.vPortValidateInterruptPriority)
    vQueueAddToRegistry                      0x0800e9d9   Thumb Code    38  queue.o(i.vQueueAddToRegistry)
    vQueueWaitForMessageRestricted           0x0800ea05   Thumb Code    74  queue.o(i.vQueueWaitForMessageRestricted)
    vTaskDelay                               0x0800ea51   Thumb Code    82  tasks.o(i.vTaskDelay)
    vTaskMissedYield                         0x0800eaad   Thumb Code     8  tasks.o(i.vTaskMissedYield)
    vTaskPlaceOnEventList                    0x0800eab9   Thumb Code    52  tasks.o(i.vTaskPlaceOnEventList)
    vTaskPlaceOnEventListRestricted          0x0800eaf1   Thumb Code    60  tasks.o(i.vTaskPlaceOnEventListRestricted)
    vTaskPlaceOnUnorderedEventList           0x0800eb31   Thumb Code   100  tasks.o(i.vTaskPlaceOnUnorderedEventList)
    vTaskPriorityInherit                     0x0800eb9d   Thumb Code   164  tasks.o(i.vTaskPriorityInherit)
    vTaskSetTimeOutState                     0x0800ec4d   Thumb Code    38  tasks.o(i.vTaskSetTimeOutState)
    vTaskStartScheduler                      0x0800ec7d   Thumb Code   118  tasks.o(i.vTaskStartScheduler)
    vTaskStepTick                            0x0800ed11   Thumb Code    56  tasks.o(i.vTaskStepTick)
    vTaskSuspendAll                          0x0800ed51   Thumb Code    12  tasks.o(i.vTaskSuspendAll)
    vTaskSwitchContext                       0x0800ed61   Thumb Code   118  tasks.o(i.vTaskSwitchContext)
    xEventGroupCreate                        0x0800eded   Thumb Code    26  event_groups.o(i.xEventGroupCreate)
    xEventGroupSetBits                       0x0800ee07   Thumb Code   206  event_groups.o(i.xEventGroupSetBits)
    xEventGroupWaitBits                      0x0800eedd   Thumb Code   334  event_groups.o(i.xEventGroupWaitBits)
    xPortStartScheduler                      0x0800f039   Thumb Code   288  port.o(i.xPortStartScheduler)
    xPortSysTickHandler                      0x0800f175   Thumb Code    46  port.o(i.xPortSysTickHandler)
    xQueueCreateMutex                        0x0800f1a9   Thumb Code    34  queue.o(i.xQueueCreateMutex)
    xQueueGenericCreate                      0x0800f1cb   Thumb Code    88  queue.o(i.xQueueGenericCreate)
    xQueueGenericReceive                     0x0800f225   Thumb Code   446  queue.o(i.xQueueGenericReceive)
    xQueueGenericReset                       0x0800f3e9   Thumb Code   146  queue.o(i.xQueueGenericReset)
    xQueueGenericSend                        0x0800f481   Thumb Code   420  queue.o(i.xQueueGenericSend)
    xQueueGenericSendFromISR                 0x0800f629   Thumb Code   248  queue.o(i.xQueueGenericSendFromISR)
    xTaskCheckForTimeOut                     0x0800f729   Thumb Code   132  tasks.o(i.xTaskCheckForTimeOut)
    xTaskCreate                              0x0800f7b5   Thumb Code    96  tasks.o(i.xTaskCreate)
    xTaskGetSchedulerState                   0x0800f81d   Thumb Code    24  tasks.o(i.xTaskGetSchedulerState)
    xTaskGetTickCount                        0x0800f83d   Thumb Code     6  tasks.o(i.xTaskGetTickCount)
    xTaskIncrementTick                       0x0800f849   Thumb Code   282  tasks.o(i.xTaskIncrementTick)
    xTaskPriorityDisinherit                  0x0800f991   Thumb Code   188  tasks.o(i.xTaskPriorityDisinherit)
    xTaskRemoveFromEventList                 0x0800fa59   Thumb Code   132  tasks.o(i.xTaskRemoveFromEventList)
    xTaskRemoveFromUnorderedEventList        0x0800faf5   Thumb Code   154  tasks.o(i.xTaskRemoveFromUnorderedEventList)
    xTaskResumeAll                           0x0800fba5   Thumb Code   224  tasks.o(i.xTaskResumeAll)
    xTimerCreate                             0x0800fca9   Thumb Code    48  timers.o(i.xTimerCreate)
    xTimerCreateTimerTask                    0x0800fce1   Thumb Code    66  timers.o(i.xTimerCreateTimerTask)
    xTimerGenericCommand                     0x0800fd39   Thumb Code   128  timers.o(i.xTimerGenericCommand)
    xTimerPendFunctionCallFromISR            0x0800fdbd   Thumb Code    48  timers.o(i.xTimerPendFunctionCallFromISR)
    AHBPrescTable                            0x0800fdf0   Data          16  system_stm32l4xx.o(.constdata)
    APBPrescTable                            0x0800fe00   Data           8  system_stm32l4xx.o(.constdata)
    MSIRangeTable                            0x0800fe08   Data          48  system_stm32l4xx.o(.constdata)
    Region$$Table$$Base                      0x080101fc   Number         0  anon$$obj.o(Region$$Table)
    Region$$Table$$Limit                     0x0801021c   Number         0  anon$$obj.o(Region$$Table)
    SystemCoreClock                          0x20000000   Data           4  system_stm32l4xx.o(.data)
    uwTick                                   0x20000004   Data           4  stm32l4xx_hal.o(.data)
    my_sys_start_status                      0x20000008   Data           1  main.o(.data)
    USART2_FRAME_status                      0x20000010   Data           1  my_gloabal_val.o(.data)
    rsbuf2pt_write                           0x20000012   Data           2  my_gloabal_val.o(.data)
    rsbuf2pt_read                            0x20000014   Data           2  my_gloabal_val.o(.data)
    my_wave_write_add                        0x20000016   Data           2  my_gloabal_val.o(.data)
    my_wave_re_status                        0x20000018   Data           1  my_gloabal_val.o(.data)
    my_PA01_count                            0x2000001a   Data           2  my_gloabal_val.o(.data)
    my_PA00_count                            0x2000001c   Data           2  my_gloabal_val.o(.data)
    my_PC06_count                            0x2000001e   Data           2  my_gloabal_val.o(.data)
    my_dianliu_exit_add                      0x20000020   Data           2  my_gloabal_val.o(.data)
    my_Wave_It_add                           0x20000022   Data           2  my_gloabal_val.o(.data)
    my_Current_exit_Status                   0x20000024   Data           1  my_gloabal_val.o(.data)
    my_E_Field_exit_Status                   0x20000025   Data           1  my_gloabal_val.o(.data)
    my_E_Field_exit_add                      0x20000026   Data           2  my_gloabal_val.o(.data)
    my_Time_Cyc_exit_Status                  0x20000028   Data           1  my_gloabal_val.o(.data)
    my_Time_Cyc_exit_add                     0x2000002a   Data           2  my_gloabal_val.o(.data)
    my_send_3S_count                         0x2000002c   Data           2  my_gloabal_val.o(.data)
    my_send_ALL_A_960_data_status            0x2000002e   Data           1  my_gloabal_val.o(.data)
    my_send_ALL_E_960_data_status            0x2000002f   Data           1  my_gloabal_val.o(.data)
    my_send_HALF_A_960_data_status           0x20000030   Data           1  my_gloabal_val.o(.data)
    my_usart3_error_status                   0x20000031   Data           1  my_gloabal_val.o(.data)
    my_CC1101_Sleep_status                   0x20000032   Data           1  my_gloabal_val.o(.data)
    my_tim6_count                            0x20000034   Data           2  my_gloabal_val.o(.data)
    my_cyc_time_count                        0x20000036   Data           2  my_gloabal_val.o(.data)
    my_cyc_delay                             0x20000038   Data           2  my_gloabal_val.o(.data)
    my_cc_Efied_count                        0x2000003a   Data           1  my_gloabal_val.o(.data)
    my_CC1101_all_step                       0x2000003c   Data           2  my_gloabal_val.o(.data)
    my_DTU_status                            0x2000003e   Data           1  my_gloabal_val.o(.data)
    my_DTU_send_faile_count                  0x20000040   Data           2  my_gloabal_val.o(.data)
    my_DAC_cyc_time                          0x20000042   Data           1  my_gloabal_val.o(.data)
    my_zsq_ALarm_send_status                 0x20000043   Data           1  my_gloabal_val.o(.data)
    my_UART2_Status                          0x20000044   Data           1  my_usart_change.o(.data)
    my_IT_status                             0x20000045   Data           1  my_time.o(.data)
    my_IT_Count                              0x20000046   Data           1  my_time.o(.data)
    my_reset_count                           0x20000047   Data           1  my_time.o(.data)
    VREFINT_CAL                              0x20000048   Data           2  my_adc.o(.data)
    MY_TS_CAL1                               0x2000004a   Data           2  my_adc.o(.data)
    MY_TS_CAL2                               0x2000004c   Data           2  my_adc.o(.data)
    MY_VDD                                   0x20000050   Data           8  my_adc.o(.data)
    my_dac1_channel2_data_e                  0x20000058   Data           2  my_dac.o(.data)
    my_dac1_channel1_data_i                  0x2000005a   Data           2  my_dac.o(.data)
    my_150A_ref_int                          0x2000005c   Data           4  my_dac.o(.data)
    my_5A_ref_int                            0x20000060   Data           4  my_dac.o(.data)
    my_100E_ref_int                          0x20000064   Data           2  my_dac.o(.data)
    my_100E_real_int                         0x20000066   Data           2  my_dac.o(.data)
    my_DAC_Line_I                            0x20000068   Data           8  my_dac.o(.data)
    my_DAC_Line_Efild                        0x20000070   Data           8  my_dac.o(.data)
    my_adjust_value_V                        0x20000078   Data           8  my_dac.o(.data)
    my_counst_value                          0x20000080   Data           8  my_dac.o(.data)
    my_get_count                             0x20000088   Data           1  my_exit.o(.data)
    my_Fault_Current_End_Status              0x20000090   Data           1  my_wave_rec.o(.data)
    my_Fault_E_Fild_End_Status               0x20000091   Data           1  my_wave_rec.o(.data)
    my_befor_500ms_normal_count              0x20000092   Data           1  my_wave_rec.o(.data)
    my_befor_short_stop_count                0x20000093   Data           1  my_wave_rec.o(.data)
    my_short_circuit_count                   0x20000094   Data           1  my_wave_rec.o(.data)
    my_after_short_stop_count1               0x20000095   Data           1  my_wave_rec.o(.data)
    my_after_short_stop_count2               0x20000096   Data           1  my_wave_rec.o(.data)
    my_after_stop1_normal_count              0x20000097   Data           1  my_wave_rec.o(.data)
    my_E_fild_change_count                   0x20000098   Data           1  my_wave_rec.o(.data)
    my_E_fild_min_count                      0x20000099   Data           1  my_wave_rec.o(.data)
    Current_D_value                          0x2000009a   Data           2  my_wave_rec.o(.data)
    E_fild_D_value                           0x2000009c   Data           2  my_wave_rec.o(.data)
    E_fild_threshold_value                   0x2000009e   Data           2  my_wave_rec.o(.data)
    my_all_a_adjust                          0x200000a0   Data           8  my_wave_rec.o(.data)
    my_adjust_300_a                          0x200000a8   Data           8  my_wave_rec.o(.data)
    my_adjust_300_b                          0x200000b0   Data           8  my_wave_rec.o(.data)
    my_adjust_50_a                           0x200000b8   Data           8  my_wave_rec.o(.data)
    my_adjust_50_b                           0x200000c0   Data           8  my_wave_rec.o(.data)
    my_adjust_5_a                            0x200000c8   Data           8  my_wave_rec.o(.data)
    my_adjust_5_b                            0x200000d0   Data           8  my_wave_rec.o(.data)
    my_I_100A_Radio                          0x200000d8   Data           8  my_wave_rec.o(.data)
    my_i_ratio_value                         0x200000e0   Data           8  my_wave_rec.o(.data)
    my_value_daya                            0x200000e8   Data           8  my_wave_rec.o(.data)
    my_i_5a_radio                            0x200000f0   Data           8  my_wave_rec.o(.data)
    my_i_50a_radio                           0x200000f8   Data           8  my_wave_rec.o(.data)
    my_i_300a_radio                          0x20000100   Data           8  my_wave_rec.o(.data)
    my_10A_gatedata                          0x20000108   Data           8  my_wave_rec.o(.data)
    my_100A_gatedata                         0x20000110   Data           8  my_wave_rec.o(.data)
    my_E_ratio_value                         0x20000118   Data           8  my_wave_rec.o(.data)
    my_all_i_up_value                        0x20000120   Data           2  my_wave_rec.o(.data)
    my_E_fild_time_add                       0x20000122   Data           2  my_wave_rec.o(.data)
    temp_double                              0x20000128   Data           8  my_wave_rec.o(.data)
    number_before_pp                         0x20000130   Data           2  my_wave_rec.o(.data)
    my_Line_Current_stop_status              0x20000132   Data           1  my_wave_rec.o(.data)
    my_Line_Current_stop_last_status         0x20000133   Data           1  my_wave_rec.o(.data)
    my_Line_Efild_valu                       0x20000134   Data           2  my_wave_rec.o(.data)
    my_line_Current_value                    0x20000136   Data           2  my_wave_rec.o(.data)
    MY_Efile_Zero_data                       0x20000138   Data           2  my_wave_rec.o(.data)
    MY_Efile_floor_data                      0x2000013a   Data           2  my_wave_rec.o(.data)
    my_HA_Zero_data                          0x2000013c   Data           2  my_wave_rec.o(.data)
    my_A_Zero_data                           0x2000013e   Data           2  my_wave_rec.o(.data)
    my_point                                 0x20000140   Data           1  my_101.o(.data)
    my_PWR_heart_count                       0x20000142   Data           2  my_101.o(.data)
    my_101_send_buf                          0x20000144   Data        1935  my_101.o(.data)
    my_DC_AC_status                          0x200008d3   Data           1  my_101.o(.data)
    my_pro_step                              0x200008d4   Data           2  my_101.o(.data)
    my_step_send_count                       0x200008d6   Data           1  my_101.o(.data)
    my_step_3S_start_count                   0x200008d8   Data           2  my_101.o(.data)
    my_step_3S_end_count                     0x200008da   Data           2  my_101.o(.data)
    my_test_value                            0x200008dc   Data           1  my_101.o(.data)
    defaultTaskHandle                        0x200008e0   Data           4  freertos.o(.data)
    myTask02Handle                           0x200008e4   Data           4  freertos.o(.data)
    myTask03Handle                           0x200008e8   Data           4  freertos.o(.data)
    myTask04Handle                           0x200008ec   Data           4  freertos.o(.data)
    myTask08Handle                           0x200008f0   Data           4  freertos.o(.data)
    myQueue01Handle                          0x200008f4   Data           4  freertos.o(.data)
    myQueue02Handle                          0x200008f8   Data           4  freertos.o(.data)
    myTimer01Handle                          0x200008fc   Data           4  freertos.o(.data)
    myMutex01Handle                          0x20000900   Data           4  freertos.o(.data)
    my_os_count1                             0x20000904   Data           2  freertos.o(.data)
    my_exit_status_count                     0x20000906   Data           1  freertos.o(.data)
    xCreatedEventGroup                       0x20000908   Data           4  freertos.o(.data)
    xCreatedEventGroup2                      0x2000090c   Data           4  freertos.o(.data)
    my_use_cyc_rec_data_status               0x20000910   Data           1  freertos.o(.data)
    my_use_alarm_rec_data_status             0x20000911   Data           1  freertos.o(.data)
    my_use_alarm_rec_data_status_Efild       0x20000912   Data           1  freertos.o(.data)
    my_que1_wait_time                        0x20000914   Data           2  freertos.o(.data)
    my_CC1101_sync_word                      0x20000916   Data           2  my_cc1101.o(.data)
    my_CC1101_change_channer                 0x20000918   Data           1  my_cc1101.o(.data)
    my_CC1101_chip_address                   0x20000919   Data           1  my_cc1101.o(.data)
    my_CC1101_dest_address                   0x2000091a   Data           1  my_cc1101.o(.data)
    PaTabel                                  0x2000091b   Data           8  my_cc1101.o(.data)
    MY_CC1101_STATUS                         0x20000923   Data           1  my_cc1101.o(.data)
    MY_TX_RX_STEP                            0x20000924   Data           1  my_cc1101.o(.data)
    my_get_client_add                        0x20000925   Data           1  my_cc1101.o(.data)
    my_CC1101_re_buf_pt_write                0x20000926   Data           2  my_cc1101.o(.data)
    my_CC1101_re_buf_pt_read                 0x20000928   Data           2  my_cc1101.o(.data)
    my_CC1101_Frame_status                   0x2000092a   Data           1  my_cc1101.o(.data)
    RS_buf_status                            0x2000092b   Data           2  my_cc1101.o(.data)
    my_cc1101_tx_buf                         0x2000092d   Data          64  my_cc1101.o(.data)
    my_GPRS_all_step                         0x2000096e   Data           2  my_os.o(.data)
    my_GPRS_all_count                        0x20000970   Data           1  my_os.o(.data)
    my_CC1101_all_count                      0x20000971   Data           1  my_os.o(.data)
    my_PWR_all_step                          0x20000972   Data           2  my_os.o(.data)
    my_PWR_all_count                         0x20000974   Data           1  my_os.o(.data)
    temp8                                    0x20000975   Data           1  my_os.o(.data)
    my_heart_count                           0x20000976   Data           1  my_os.o(.data)
    CC1101_960data_Efield_STATUS             0x20000977   Data           1  my_os.o(.data)
    my_update_length                         0x2000097c   Data           4  bsp_iap.o(.data)
    pxCurrentTCB                             0x200009b0   Data           4  tasks.o(.data)
    __stdout                                 0x20000a00   Data           4  stdout.o(.data)
    pFlash                                   0x20000a08   Data          32  stm32l4xx_hal_flash.o(.bss)
    hadc1                                    0x20000a28   Data         104  adc.o(.bss)
    hadc2                                    0x20000a90   Data         104  adc.o(.bss)
    hdma_adc1                                0x20000af8   Data          72  adc.o(.bss)
    hdma_adc2                                0x20000b40   Data          72  adc.o(.bss)
    huart2                                   0x20000b88   Data         112  usart.o(.bss)
    hdac1                                    0x20000bf8   Data          20  dac.o(.bss)
    rsbuf2                                   0x20000c10   Data         200  my_gloabal_val.o(.bss)
    USART2_my_frame                          0x20000cd8   Data         100  my_gloabal_val.o(.bss)
    my_wave_record                           0x20000d3c   Data       48000  my_gloabal_val.o(.bss)
    my_wave_record_sec2                      0x2000c8bc   Data        5760  my_gloabal_val.o(.bss)
    my_wave_record_sec3                      0x2000df3c   Data        5760  my_gloabal_val.o(.bss)
    ADC2_GetValue                            0x2000f5bc   Data          18  my_gloabal_val.o(.bss)
    ADC2_Filer_value_buf_1                   0x2000f5ce   Data          18  my_gloabal_val.o(.bss)
    ADC2_Filer_value_buf_2                   0x2000f5e0   Data          72  my_gloabal_val.o(.bss)
    ADC2_Filer_value_buf_3                   0x2000f628   Data          72  my_gloabal_val.o(.bss)
    ADC1_GetValue                            0x2000f670   Data          48  my_gloabal_val.o(.bss)
    ADC1_GetValue_Aver                       0x2000f6a0   Data          16  my_gloabal_val.o(.bss)
    ADC1_Filer_value_buf                     0x2000f6b0   Data          64  my_gloabal_val.o(.bss)
    my_temp8_buf1                            0x2000f6f0   Data        2000  my_gloabal_val.o(.bss)
    htim6                                    0x2000fec0   Data          60  tim.o(.bss)
    htim7                                    0x2000fefc   Data          60  tim.o(.bss)
    hrtc                                     0x2000ff38   Data          36  rtc.o(.bss)
    WAVE_half_ave_Current1                   0x2000ff60   Data          72  my_wave_rec.o(.bss)
    WAVE_all_ave_Current1                    0x2000ffa8   Data          72  my_wave_rec.o(.bss)
    WAVE_all_ave_E_Field1                    0x2000fff0   Data          72  my_wave_rec.o(.bss)
    WAVE_half_ave_Current2                   0x20010038   Data         288  my_wave_rec.o(.bss)
    WAVE_all_ave_Current2                    0x20010158   Data         288  my_wave_rec.o(.bss)
    WAVE_all_ave_E_Field2                    0x20010278   Data         288  my_wave_rec.o(.bss)
    WAVE_half_ave_Current3                   0x20010398   Data         288  my_wave_rec.o(.bss)
    WAVE_all_ave_Current3                    0x200104b8   Data         288  my_wave_rec.o(.bss)
    WAVE_all_ave_E_Field3                    0x200105d8   Data         288  my_wave_rec.o(.bss)
    htim17                                   0x200106f8   Data          60  stm32l4xx_hal_timebase_tim.o(.bss)
    hspi3                                    0x20010734   Data         100  spi.o(.bss)
    my_CC1101_re_buf                         0x20010798   Data        5000  my_cc1101.o(.bss)
    my_CC1101_COM_Fram_buf                   0x20011b20   Data        2000  my_cc1101.o(.bss)
    ulBuf_Flash_App                          0x200122f0   Data        2048  bsp_iap.o(.bss)
    xQueueRegistry                           0x20015b00   Data          64  queue.o(.bss)
    __initial_sp                             0x20016058   Data           0  startup_stm32l471xx.o(STACK)



==============================================================================

Memory Map of the image

  Image Entry point : 0x08000189

  Load Region LR_IROM1 (Base: 0x08000000, Size: 0x00010c24, Max: 0x00080000, ABSOLUTE, COMPRESSED[0x000102e0])

    Execution Region ER_IROM1 (Base: 0x08000000, Size: 0x0001021c, Max: 0x00080000, ABSOLUTE)

    Base Addr    Size         Type   Attr      Idx    E Section Name        Object

    0x08000000   0x00000188   Data   RO         4607    RESET               startup_stm32l471xx.o
    0x08000188   0x00000000   Code   RO         7791  * .ARM.Collect$$$$00000000  mc_w.l(entry.o)
    0x08000188   0x00000004   Code   RO         8083    .ARM.Collect$$$$00000001  mc_w.l(entry2.o)
    0x0800018c   0x00000004   Code   RO         8086    .ARM.Collect$$$$00000004  mc_w.l(entry5.o)
    0x08000190   0x00000000   Code   RO         8088    .ARM.Collect$$$$00000008  mc_w.l(entry7b.o)
    0x08000190   0x00000000   Code   RO         8090    .ARM.Collect$$$$0000000A  mc_w.l(entry8b.o)
    0x08000190   0x00000008   Code   RO         8091    .ARM.Collect$$$$0000000B  mc_w.l(entry9a.o)
    0x08000198   0x00000000   Code   RO         8093    .ARM.Collect$$$$0000000D  mc_w.l(entry10a.o)
    0x08000198   0x00000000   Code   RO         8095    .ARM.Collect$$$$0000000F  mc_w.l(entry11a.o)
    0x08000198   0x00000004   Code   RO         8084    .ARM.Collect$$$$00002712  mc_w.l(entry2.o)
    0x0800019c   0x000000da   Code   RO         6542    .emb_text           port.o
    0x08000276   0x00000002   PAD
    0x08000278   0x00000024   Code   RO         4608    .text               startup_stm32l471xx.o
    0x0800029c   0x00000068   Code   RO         7794    .text               mc_w.l(uldiv.o)
    0x08000304   0x00000024   Code   RO         7796    .text               mc_w.l(memcpya.o)
    0x08000328   0x00000024   Code   RO         7798    .text               mc_w.l(memseta.o)
    0x0800034c   0x0000000e   Code   RO         7800    .text               mc_w.l(strlen.o)
    0x0800035a   0x0000015e   Code   RO         8065    .text               mf_w.l(dadd.o)
    0x080004b8   0x000000ea   Code   RO         8067    .text               mf_w.l(dmul.o)
    0x080005a2   0x000000de   Code   RO         8069    .text               mf_w.l(ddiv.o)
    0x08000680   0x00000022   Code   RO         8071    .text               mf_w.l(dflti.o)
    0x080006a2   0x0000001a   Code   RO         8073    .text               mf_w.l(dfltui.o)
    0x080006bc   0x0000003e   Code   RO         8075    .text               mf_w.l(dfixi.o)
    0x080006fa   0x00000032   Code   RO         8077    .text               mf_w.l(dfixui.o)
    0x0800072c   0x00000030   Code   RO         8079    .text               mf_w.l(cdcmple.o)
    0x0800075c   0x00000030   Code   RO         8081    .text               mf_w.l(cdrcmple.o)
    0x0800078c   0x0000002c   Code   RO         8098    .text               mc_w.l(uidiv.o)
    0x080007b8   0x0000001e   Code   RO         8100    .text               mc_w.l(llshl.o)
    0x080007d6   0x00000020   Code   RO         8102    .text               mc_w.l(llushr.o)
    0x080007f6   0x00000024   Code   RO         8104    .text               mc_w.l(llsshr.o)
    0x0800081a   0x00000000   Code   RO         8113    .text               mc_w.l(iusefp.o)
    0x0800081a   0x000000ba   Code   RO         8114    .text               mf_w.l(depilogue.o)
    0x080008d4   0x000000a2   Code   RO         8116    .text               mf_w.l(dsqrt.o)
    0x08000976   0x00000030   Code   RO         8118    .text               mf_w.l(dfixul.o)
    0x080009a6   0x00000002   PAD
    0x080009a8   0x00000024   Code   RO         8120    .text               mc_w.l(init.o)
    0x080009cc   0x00000056   Code   RO         8130    .text               mc_w.l(__dczerorl2.o)
    0x08000a22   0x0000008e   Code   RO          837    i.ADC_DMAConvCplt   stm32l4xx_hal_adc.o
    0x08000ab0   0x0000001e   Code   RO          838    i.ADC_DMAError      stm32l4xx_hal_adc.o
    0x08000ace   0x0000000e   Code   RO          839    i.ADC_DMAHalfConvCplt  stm32l4xx_hal_adc.o
    0x08000adc   0x000000a0   Code   RO          841    i.ADC_Enable        stm32l4xx_hal_adc.o
    0x08000b7c   0x00000028   Code   RO         4838    i.BusFault_Handler  stm32l4xx_it.o
    0x08000ba4   0x0000000e   Code   RO         6024    i.CC1101ClrRXBuff   my_cc1101.o
    0x08000bb2   0x0000000e   Code   RO         6025    i.CC1101ClrTXBuff   my_cc1101.o
    0x08000bc0   0x0000000e   Code   RO         6026    i.CC1101GetRXCnt    my_cc1101.o
    0x08000bce   0x00000002   PAD
    0x08000bd0   0x000000b8   Code   RO         6027    i.CC1101Init        my_cc1101.o
    0x08000c88   0x00000046   Code   RO         6028    i.CC1101ReadMultiReg  my_cc1101.o
    0x08000cce   0x00000020   Code   RO         6029    i.CC1101ReadReg     my_cc1101.o
    0x08000cee   0x00000020   Code   RO         6030    i.CC1101ReadStatus  my_cc1101.o
    0x08000d0e   0x00000002   PAD
    0x08000d10   0x00000160   Code   RO         6031    i.CC1101RecPacket   my_cc1101.o
    0x08000e70   0x0000002e   Code   RO         6032    i.CC1101Reset       my_cc1101.o
    0x08000e9e   0x00000002   PAD
    0x08000ea0   0x00000108   Code   RO         6033    i.CC1101SendPacket_add  my_cc1101.o
    0x08000fa8   0x00000038   Code   RO         6034    i.CC1101SetAddress  my_cc1101.o
    0x08000fe0   0x0000000a   Code   RO         6035    i.CC1101SetIdle     my_cc1101.o
    0x08000fea   0x00000018   Code   RO         6036    i.CC1101SetSYNC     my_cc1101.o
    0x08001002   0x0000000e   Code   RO         6037    i.CC1101SetSleep    my_cc1101.o
    0x08001010   0x0000002a   Code   RO         6038    i.CC1101SetTRMode   my_cc1101.o
    0x0800103a   0x00000014   Code   RO         6040    i.CC1101WriteCmd    my_cc1101.o
    0x0800104e   0x00000030   Code   RO         6041    i.CC1101WriteMultiReg  my_cc1101.o
    0x0800107e   0x0000001c   Code   RO         6042    i.CC1101WriteReg    my_cc1101.o
    0x0800109a   0x00000002   PAD
    0x0800109c   0x00000014   Code   RO         6043    i.CC_CSN_HIGH       my_cc1101.o
    0x080010b0   0x00000024   Code   RO         6044    i.CC_CSN_LOW        my_cc1101.o
    0x080010d4   0x00000348   Code   RO         5851    i.Callback01        freertos.o
    0x0800141c   0x00000010   Code   RO         4839    i.DMA1_Channel1_IRQHandler  stm32l4xx_it.o
    0x0800142c   0x00000010   Code   RO         4840    i.DMA2_Channel4_IRQHandler  stm32l4xx_it.o
    0x0800143c   0x0000002c   Code   RO          525    i.DMA_SetConfig     stm32l4xx_hal_dma.o
    0x08001468   0x00000002   Code   RO         4841    i.DebugMon_Handler  stm32l4xx_it.o
    0x0800146a   0x0000000a   Code   RO         4842    i.EXTI0_IRQHandler  stm32l4xx_it.o
    0x08001474   0x0000000a   Code   RO         4843    i.EXTI1_IRQHandler  stm32l4xx_it.o
    0x0800147e   0x0000000a   Code   RO         4844    i.EXTI9_5_IRQHandler  stm32l4xx_it.o
    0x08001488   0x00000078   Code   RO         1696    i.FLASH_FlushCaches  stm32l4xx_hal_flash_ex.o
    0x08001500   0x00000038   Code   RO         1697    i.FLASH_MassErase   stm32l4xx_hal_flash_ex.o
    0x08001538   0x00000058   Code   RO         1706    i.FLASH_PageErase   stm32l4xx_hal_flash_ex.o
    0x08001590   0x00000018   Code   RO         2161    i.FLASH_Program_DoubleWord  stm32l4xx_hal_flash.o
    0x080015a8   0x0000002c   Code   RO         2162    i.FLASH_Program_Fast  stm32l4xx_hal_flash.o
    0x080015d4   0x00000134   Code   RO         2163    i.FLASH_SetErrorCode  stm32l4xx_hal_flash.o
    0x08001708   0x000000dc   Code   RO         2164    i.FLASH_WaitForLastOperation  stm32l4xx_hal_flash.o
    0x080017e4   0x00000158   Code   RO         1107    i.HAL_ADCEx_MultiModeConfigChannel  stm32l4xx_hal_adc_ex.o
    0x0800193c   0x000005ec   Code   RO          843    i.HAL_ADC_ConfigChannel  stm32l4xx_hal_adc.o
    0x08001f28   0x00000002   Code   RO          844    i.HAL_ADC_ConvCpltCallback  stm32l4xx_hal_adc.o
    0x08001f2a   0x00000002   Code   RO          845    i.HAL_ADC_ConvHalfCpltCallback  stm32l4xx_hal_adc.o
    0x08001f2c   0x00000002   Code   RO          847    i.HAL_ADC_ErrorCallback  stm32l4xx_hal_adc.o
    0x08001f2e   0x00000002   PAD
    0x08001f30   0x00000320   Code   RO          852    i.HAL_ADC_Init      stm32l4xx_hal_adc.o
    0x08002250   0x00000184   Code   RO         5003    i.HAL_ADC_MspInit   adc.o
    0x080023d4   0x00000168   Code   RO          859    i.HAL_ADC_Start_DMA  stm32l4xx_hal_adc.o
    0x0800253c   0x00000002   Code   RO         3231    i.HAL_DACEx_DMAUnderrunCallbackCh2  stm32l4xx_hal_dac_ex.o
    0x0800253e   0x00000160   Code   RO         3331    i.HAL_DAC_ConfigChannel  stm32l4xx_hal_dac.o
    0x0800269e   0x00000002   Code   RO         3334    i.HAL_DAC_DMAUnderrunCallbackCh1  stm32l4xx_hal_dac.o
    0x080026a0   0x00000010   Code   RO         3339    i.HAL_DAC_GetValue  stm32l4xx_hal_dac.o
    0x080026b0   0x0000008a   Code   RO         3340    i.HAL_DAC_IRQHandler  stm32l4xx_hal_dac.o
    0x0800273a   0x00000028   Code   RO         3341    i.HAL_DAC_Init      stm32l4xx_hal_dac.o
    0x08002762   0x00000002   PAD
    0x08002764   0x0000005c   Code   RO         5106    i.HAL_DAC_MspInit   dac.o
    0x080027c0   0x0000002c   Code   RO         3344    i.HAL_DAC_SetValue  stm32l4xx_hal_dac.o
    0x080027ec   0x0000006c   Code   RO         3345    i.HAL_DAC_Start     stm32l4xx_hal_dac.o
    0x08002858   0x00000058   Code   RO          527    i.HAL_DMA_Abort_IT  stm32l4xx_hal_dma.o
    0x080028b0   0x000000e6   Code   RO          531    i.HAL_DMA_IRQHandler  stm32l4xx_hal_dma.o
    0x08002996   0x00000002   PAD
    0x08002998   0x00000110   Code   RO          532    i.HAL_DMA_Init      stm32l4xx_hal_dma.o
    0x08002aa8   0x0000009c   Code   RO          536    i.HAL_DMA_Start_IT  stm32l4xx_hal_dma.o
    0x08002b44   0x00000020   Code   RO          319    i.HAL_Delay         stm32l4xx_hal.o
    0x08002b64   0x00000114   Code   RO         1707    i.HAL_FLASHEx_Erase  stm32l4xx_hal_flash_ex.o
    0x08002c78   0x00000014   Code   RO         2168    i.HAL_FLASH_Lock    stm32l4xx_hal_flash.o
    0x08002c8c   0x000000c8   Code   RO         2173    i.HAL_FLASH_Program  stm32l4xx_hal_flash.o
    0x08002d54   0x0000002c   Code   RO         2175    i.HAL_FLASH_Unlock  stm32l4xx_hal_flash.o
    0x08002d80   0x000002e0   Code   RO         5572    i.HAL_GPIO_EXTI_Callback  my_exit.o
    0x08003060   0x0000001c   Code   RO         1024    i.HAL_GPIO_EXTI_IRQHandler  stm32l4xx_hal_gpio.o
    0x0800307c   0x00000208   Code   RO         1025    i.HAL_GPIO_Init     stm32l4xx_hal_gpio.o
    0x08003284   0x00000010   Code   RO         1027    i.HAL_GPIO_ReadPin  stm32l4xx_hal_gpio.o
    0x08003294   0x0000000a   Code   RO         1029    i.HAL_GPIO_WritePin  stm32l4xx_hal_gpio.o
    0x0800329e   0x00000002   PAD
    0x080032a0   0x0000000c   Code   RO          323    i.HAL_GetTick       stm32l4xx_hal.o
    0x080032ac   0x00000010   Code   RO          327    i.HAL_IncTick       stm32l4xx_hal.o
    0x080032bc   0x00000016   Code   RO          328    i.HAL_Init          stm32l4xx_hal.o
    0x080032d2   0x00000002   PAD
    0x080032d4   0x00000088   Code   RO         5941    i.HAL_InitTick      stm32l4xx_hal_timebase_tim.o
    0x0800335c   0x00000090   Code   RO         4615    i.HAL_MspInit       stm32l4xx_hal_msp.o
    0x080033ec   0x0000001c   Code   RO         1898    i.HAL_NVIC_ClearPendingIRQ  stm32l4xx_hal_cortex.o
    0x08003408   0x0000001c   Code   RO         1899    i.HAL_NVIC_DisableIRQ  stm32l4xx_hal_cortex.o
    0x08003424   0x0000001a   Code   RO         1900    i.HAL_NVIC_EnableIRQ  stm32l4xx_hal_cortex.o
    0x0800343e   0x00000082   Code   RO         1906    i.HAL_NVIC_SetPriority  stm32l4xx_hal_cortex.o
    0x080034c0   0x00000028   Code   RO         1907    i.HAL_NVIC_SetPriorityGrouping  stm32l4xx_hal_cortex.o
    0x080034e8   0x00000044   Code   RO         1908    i.HAL_NVIC_SystemReset  stm32l4xx_hal_cortex.o
    0x0800352c   0x0000008c   Code   RO          621    i.HAL_PWREx_ControlVoltageScaling  stm32l4xx_hal_pwr_ex.o
    0x080035b8   0x00000010   Code   RO          648    i.HAL_PWREx_GetVoltageRange  stm32l4xx_hal_pwr_ex.o
    0x080035c8   0x0000048c   Code   RO         2040    i.HAL_RCCEx_PeriphCLKConfig  stm32l4xx_hal_rcc_ex.o
    0x08003a54   0x000001e8   Code   RO         1797    i.HAL_RCC_ClockConfig  stm32l4xx_hal_rcc.o
    0x08003c3c   0x00000044   Code   RO         1800    i.HAL_RCC_GetClockConfig  stm32l4xx_hal_rcc.o
    0x08003c80   0x0000000c   Code   RO         1801    i.HAL_RCC_GetHCLKFreq  stm32l4xx_hal_rcc.o
    0x08003c8c   0x0000002c   Code   RO         1803    i.HAL_RCC_GetPCLK1Freq  stm32l4xx_hal_rcc.o
    0x08003cb8   0x0000002c   Code   RO         1804    i.HAL_RCC_GetPCLK2Freq  stm32l4xx_hal_rcc.o
    0x08003ce4   0x00000174   Code   RO         1805    i.HAL_RCC_GetSysClockFreq  stm32l4xx_hal_rcc.o
    0x08003e58   0x0000064c   Code   RO         1808    i.HAL_RCC_OscConfig  stm32l4xx_hal_rcc.o
    0x080044a4   0x000000e8   Code   RO         4127    i.HAL_RTC_Init      stm32l4xx_hal_rtc.o
    0x0800458c   0x00000024   Code   RO         5443    i.HAL_RTC_MspInit   rtc.o
    0x080045b0   0x0000003a   Code   RO         4135    i.HAL_RTC_WaitForSynchro  stm32l4xx_hal_rtc.o
    0x080045ea   0x00000008   Code   RO         4266    i.HAL_SPI_GetState  stm32l4xx_hal_spi.o
    0x080045f2   0x000000c0   Code   RO         4268    i.HAL_SPI_Init      stm32l4xx_hal_spi.o
    0x080046b2   0x00000002   PAD
    0x080046b4   0x00000058   Code   RO         5982    i.HAL_SPI_MspInit   spi.o
    0x0800470c   0x0000028e   Code   RO         4277    i.HAL_SPI_TransmitReceive  stm32l4xx_hal_spi.o
    0x0800499a   0x00000028   Code   RO         1909    i.HAL_SYSTICK_CLKSourceConfig  stm32l4xx_hal_cortex.o
    0x080049c2   0x00000034   Code   RO         1911    i.HAL_SYSTICK_Config  stm32l4xx_hal_cortex.o
    0x080049f6   0x00000002   Code   RO         2269    i.HAL_TIMEx_BreakCallback  stm32l4xx_hal_tim_ex.o
    0x080049f8   0x00000002   Code   RO         2270    i.HAL_TIMEx_CommutationCallback  stm32l4xx_hal_tim_ex.o
    0x080049fa   0x00000002   PAD
    0x080049fc   0x0000006c   Code   RO         2288    i.HAL_TIMEx_MasterConfigSynchronization  stm32l4xx_hal_tim_ex.o
    0x08004a68   0x00000034   Code   RO         2576    i.HAL_TIM_Base_Init  stm32l4xx_hal_tim.o
    0x08004a9c   0x0000007c   Code   RO         5395    i.HAL_TIM_Base_MspInit  tim.o
    0x08004b18   0x0000001e   Code   RO         2581    i.HAL_TIM_Base_Start_IT  stm32l4xx_hal_tim.o
    0x08004b36   0x00000002   Code   RO         2605    i.HAL_TIM_IC_CaptureCallback  stm32l4xx_hal_tim.o
    0x08004b38   0x00000196   Code   RO         2618    i.HAL_TIM_IRQHandler  stm32l4xx_hal_tim.o
    0x08004cce   0x00000002   Code   RO         2621    i.HAL_TIM_OC_DelayElapsedCallback  stm32l4xx_hal_tim.o
    0x08004cd0   0x00000002   Code   RO         2648    i.HAL_TIM_PWM_PulseFinishedCallback  stm32l4xx_hal_tim.o
    0x08004cd2   0x00000002   PAD
    0x08004cd4   0x0000001c   Code   RO         4639    i.HAL_TIM_PeriodElapsedCallback  main.o
    0x08004cf0   0x000002dc   Code   RO         5331    i.HAL_TIM_PeriodElapsedCallback2  my_time.o
    0x08004fcc   0x00000002   Code   RO         2659    i.HAL_TIM_TriggerCallback  stm32l4xx_hal_tim.o
    0x08004fce   0x00000002   Code   RO         3474    i.HAL_UARTEx_WakeupCallback  stm32l4xx_hal_uart_ex.o
    0x08004fd0   0x00000002   Code   RO         3550    i.HAL_UART_ErrorCallback  stm32l4xx_hal_uart.o
    0x08004fd2   0x00000002   PAD
    0x08004fd4   0x00000190   Code   RO         3553    i.HAL_UART_IRQHandler  stm32l4xx_hal_uart.o
    0x08005164   0x00000078   Code   RO         3554    i.HAL_UART_Init     stm32l4xx_hal_uart.o
    0x080051dc   0x00000064   Code   RO         5064    i.HAL_UART_MspInit  usart.o
    0x08005240   0x000000bc   Code   RO         3559    i.HAL_UART_Receive_IT  stm32l4xx_hal_uart.o
    0x080052fc   0x000000b8   Code   RO         5249    i.HAL_UART_RxCpltCallback  my_usart_change.o
    0x080053b4   0x000000c6   Code   RO         3562    i.HAL_UART_Transmit  stm32l4xx_hal_uart.o
    0x0800547a   0x00000002   Code   RO         3565    i.HAL_UART_TxCpltCallback  stm32l4xx_hal_uart.o
    0x0800547c   0x00000028   Code   RO         4845    i.HardFault_Handler  stm32l4xx_it.o
    0x080054a4   0x0000009a   Code   RO         6440    i.IAP_Write_App_Bin  bsp_iap.o
    0x0800553e   0x00000002   PAD
    0x08005540   0x00000164   Code   RO         5004    i.MX_ADC1_Init      adc.o
    0x080056a4   0x000000c4   Code   RO         5005    i.MX_ADC2_Init      adc.o
    0x08005768   0x00000070   Code   RO         5107    i.MX_DAC1_Init      dac.o
    0x080057d8   0x00000060   Code   RO         4978    i.MX_DMA_Init       dma.o
    0x08005838   0x0000011c   Code   RO         5852    i.MX_FREERTOS_Init  freertos.o
    0x08005954   0x00000220   Code   RO         4811    i.MX_GPIO_Init      gpio.o
    0x08005b74   0x00000048   Code   RO         5444    i.MX_RTC_Init       rtc.o
    0x08005bbc   0x00000068   Code   RO         5983    i.MX_SPI3_Init      spi.o
    0x08005c24   0x0000005c   Code   RO         5396    i.MX_TIM6_Init      tim.o
    0x08005c80   0x00000058   Code   RO         5397    i.MX_TIM7_Init      tim.o
    0x08005cd8   0x00000054   Code   RO         5065    i.MX_USART2_UART_Init  usart.o
    0x08005d2c   0x00000028   Code   RO         4846    i.MemManage_Handler  stm32l4xx_it.o
    0x08005d54   0x00000024   Code   RO         4847    i.NMI_Handler       stm32l4xx_it.o
    0x08005d78   0x00000010   Code   RO         1913    i.NVIC_GetPriorityGrouping  stm32l4xx_hal_cortex.o
    0x08005d88   0x00000028   Code   RO         1914    i.NVIC_SetPriority  stm32l4xx_hal_cortex.o
    0x08005db0   0x00000040   Code   RO         4848    i.NVIC_SystemReset  stm32l4xx_it.o
    0x08005df0   0x00000002   Code   RO         5853    i.PostSleepProcessing  freertos.o
    0x08005df2   0x00000002   Code   RO         5854    i.PreSleepProcessing  freertos.o
    0x08005df4   0x000001ec   Code   RO         2043    i.RCCEx_PLLSAI1_Config  stm32l4xx_hal_rcc_ex.o
    0x08005fe0   0x000001ac   Code   RO         2044    i.RCCEx_PLLSAI2_Config  stm32l4xx_hal_rcc_ex.o
    0x0800618c   0x000000a0   Code   RO         1809    i.RCC_SetFlashLatencyFromMSIRange  stm32l4xx_hal_rcc.o
    0x0800622c   0x0000011c   Code   RO         6046    i.RF_RecvHandler_intrrupt_get_data_to_buf  my_cc1101.o
    0x08006348   0x0000003e   Code   RO         4138    i.RTC_EnterInitMode  stm32l4xx_hal_rtc.o
    0x08006386   0x00000064   Code   RO         4306    i.SPI_EndRxTxTransaction  stm32l4xx_hal_spi.o
    0x080063ea   0x00000002   PAD
    0x080063ec   0x00000030   Code   RO         6047    i.SPI_ExchangeByte  my_cc1101.o
    0x0800641c   0x000000b0   Code   RO         4311    i.SPI_WaitFifoStateUntilTimeout  stm32l4xx_hal_spi.o
    0x080064cc   0x000000a8   Code   RO         4312    i.SPI_WaitFlagStateUntilTimeout  stm32l4xx_hal_spi.o
    0x08006574   0x00000024   Code   RO         6489    i.STMFLASH_Read     bsp_stm_flash.o
    0x08006598   0x00000008   Code   RO         6490    i.STMFLASH_ReadDoubleWord  bsp_stm_flash.o
    0x080065a0   0x00000122   Code   RO         6492    i.STMFLASH_Write    bsp_stm_flash.o
    0x080066c2   0x0000002e   Code   RO         6494    i.STMFLASH_Write_NoCheck_64bit  bsp_stm_flash.o
    0x080066f0   0x00000050   Code   RO         5855    i.StartDefaultTask  freertos.o
    0x08006740   0x000001e8   Code   RO         5856    i.StartTask02       freertos.o
    0x08006928   0x000002a0   Code   RO         5857    i.StartTask03       freertos.o
    0x08006bc8   0x00000170   Code   RO         5858    i.StartTask04       freertos.o
    0x08006d38   0x000000e8   Code   RO         5859    i.StartTask08       freertos.o
    0x08006e20   0x00000008   Code   RO         4849    i.SysTick_Handler   stm32l4xx_it.o
    0x08006e28   0x000000c8   Code   RO         4640    i.SystemClock_Config  main.o
    0x08006ef0   0x00000050   Code   RO            5    i.SystemInit        system_stm32l4xx.o
    0x08006f40   0x00000010   Code   RO         4850    i.TIM1_TRG_COM_TIM17_IRQHandler  stm32l4xx_it.o
    0x08006f50   0x00000018   Code   RO         4851    i.TIM6_DAC_IRQHandler  stm32l4xx_it.o
    0x08006f68   0x00000010   Code   RO         4852    i.TIM7_IRQHandler   stm32l4xx_it.o
    0x08006f78   0x000000c0   Code   RO         2660    i.TIM_Base_SetConfig  stm32l4xx_hal_tim.o
    0x08007038   0x000000f8   Code   RO         3567    i.UART_AdvFeatureConfig  stm32l4xx_hal_uart.o
    0x08007130   0x00000074   Code   RO         3568    i.UART_CheckIdleState  stm32l4xx_hal_uart.o
    0x080071a4   0x00000018   Code   RO         3569    i.UART_DMAAbortOnError  stm32l4xx_hal_uart.o
    0x080071bc   0x00000020   Code   RO         3579    i.UART_EndRxTransfer  stm32l4xx_hal_uart.o
    0x080071dc   0x00000020   Code   RO         3580    i.UART_EndTransmit_IT  stm32l4xx_hal_uart.o
    0x080071fc   0x0000008a   Code   RO         3582    i.UART_Receive_IT   stm32l4xx_hal_uart.o
    0x08007286   0x00000002   PAD
    0x08007288   0x0000048e   Code   RO         3583    i.UART_SetConfig    stm32l4xx_hal_uart.o
    0x08007716   0x0000006a   Code   RO         3584    i.UART_Transmit_IT  stm32l4xx_hal_uart.o
    0x08007780   0x0000006c   Code   RO         3585    i.UART_WaitOnFlagUntilTimeout  stm32l4xx_hal_uart.o
    0x080077ec   0x00000010   Code   RO         4853    i.USART2_IRQHandler  stm32l4xx_it.o
    0x080077fc   0x00000192   Code   RO         5194    i.USART_printf      my_usart.o
    0x0800798e   0x00000002   PAD
    0x08007990   0x0000002c   Code   RO         4854    i.UsageFault_Handler  stm32l4xx_it.o
    0x080079bc   0x00000004   Code   RO         4641    i._Error_Handler    main.o
    0x080079c0   0x00000020   Code   RO         8037    i.__0printf         mc_w.l(printfa.o)
    0x080079e0   0x00000014   Code   RO         7773    i.__hardfp_fabs     m_wm.l(fabs.o)
    0x080079f4   0x0000007a   Code   RO         7779    i.__hardfp_sqrt     m_wm.l(sqrt.o)
    0x08007a6e   0x0000000e   Code   RO         8124    i.__scatterload_copy  mc_w.l(handlers.o)
    0x08007a7c   0x00000002   Code   RO         8125    i.__scatterload_null  mc_w.l(handlers.o)
    0x08007a7e   0x0000000e   Code   RO         8126    i.__scatterload_zeroinit  mc_w.l(handlers.o)
    0x08007a8c   0x0000000c   Code   RO         8108    i.__set_errno       mc_w.l(errno.o)
    0x08007a98   0x0000018a   Code   RO         8044    i._fp_digits        mc_w.l(printfa.o)
    0x08007c22   0x00000002   PAD
    0x08007c24   0x000006e2   Code   RO         8045    i._printf_core      mc_w.l(printfa.o)
    0x08008306   0x00000024   Code   RO         8046    i._printf_post_padding  mc_w.l(printfa.o)
    0x0800832a   0x0000002e   Code   RO         8047    i._printf_pre_padding  mc_w.l(printfa.o)
    0x08008358   0x0000003c   Code   RO         7322    i.eTaskConfirmSleepModeStatus  tasks.o
    0x08008394   0x00000044   Code   RO         5484    i.filter_1          my_adc.o
    0x080083d8   0x0000001c   Code   RO         5196    i.fputc             my_usart.o
    0x080083f4   0x00000444   Code   RO         5605    i.fun_Judege_It_cache2  my_wave_rec.o
    0x08008838   0x00000604   Code   RO         5606    i.fun_Judege_It_cache3  my_wave_rec.o
    0x08008e3c   0x00000284   Code   RO         5607    i.fun_Judege_It_end  my_wave_rec.o
    0x080090c0   0x000002f0   Code   RO         5608    i.fun_my_wave1_to_wave2  my_wave_rec.o
    0x080093b0   0x000004a2   Code   RO         5609    i.fun_real_all_Current  my_wave_rec.o
    0x08009852   0x00000002   PAD
    0x08009854   0x00000278   Code   RO         5610    i.fun_real_all_dianchang  my_wave_rec.o
    0x08009acc   0x000002b4   Code   RO         5611    i.fun_real_half_Current  my_wave_rec.o
    0x08009d80   0x00000128   Code   RO         5612    i.fun_wave2_to_wave3  my_wave_rec.o
    0x08009ea8   0x00000010   Code   RO         6786    i.inHandlerMode     cmsis_os.o
    0x08009eb8   0x00000062   Code   RO         5197    i.itoa              my_usart.o
    0x08009f1a   0x00000002   PAD
    0x08009f1c   0x0000060c   Code   RO         4642    i.main              main.o
    0x0800a528   0x0000000e   Code   RO         6788    i.makeFreeRtosPriority  cmsis_os.o
    0x0800a536   0x00000002   PAD
    0x0800a538   0x000005f6   Code   RO         6048    i.my_101frame_analyse  my_cc1101.o
    0x0800ab2e   0x00000002   PAD
    0x0800ab30   0x00000404   Code   RO         5613    i.my_adc2_convert2  my_wave_rec.o
    0x0800af34   0x000002ac   Code   RO         5485    i.my_adc_1_convert  my_adc.o
    0x0800b1e0   0x000000a8   Code   RO         5486    i.my_adc_1_convert_dis  my_adc.o
    0x0800b288   0x0000009e   Code   RO         5757    i.my_fun_101_send_long_data  my_101.o
    0x0800b326   0x00000002   PAD
    0x0800b328   0x00000058   Code   RO         5759    i.my_fun_101_send_short_data  my_101.o
    0x0800b380   0x000000b2   Code   RO         6049    i.my_fun_101check_generate  my_cc1101.o
    0x0800b432   0x000000ee   Code   RO         6050    i.my_fun_101check_verify  my_cc1101.o
    0x0800b520   0x00000230   Code   RO         5761    i.my_fun_101send_AC12T_Cyc_data  my_101.o
    0x0800b750   0x0000021a   Code   RO         5762    i.my_fun_101send_AC_Rec_data  my_101.o
    0x0800b96a   0x00000002   PAD
    0x0800b96c   0x000000ec   Code   RO         5763    i.my_fun_101send_AC_data  my_101.o
    0x0800ba58   0x00000058   Code   RO         5764    i.my_fun_101send_Alarm_status_data  my_101.o
    0x0800bab0   0x000000ac   Code   RO         5765    i.my_fun_101send_DC_data  my_101.o
    0x0800bb5c   0x000000b8   Code   RO         6255    i.my_fun_CC1101_init_resume  my_os.o
    0x0800bc14   0x000000b8   Code   RO         6051    i.my_fun_CC1101_init_reum  my_cc1101.o
    0x0800bccc   0x0000001c   Code   RO         6052    i.my_fun_CC1101_re_CCA_status  my_cc1101.o
    0x0800bce8   0x000000c2   Code   RO         6053    i.my_fun_CC1101_send_long_data  my_cc1101.o
    0x0800bdaa   0x00000002   PAD
    0x0800bdac   0x00000058   Code   RO         6256    i.my_fun_CC1101_test1  my_os.o
    0x0800be04   0x000000d2   Code   RO         6258    i.my_fun_CC1101_time_dialog_rx2  my_os.o
    0x0800bed6   0x00000002   PAD
    0x0800bed8   0x0000010c   Code   RO         6259    i.my_fun_CC1101_time_dialog_tx2  my_os.o
    0x0800bfe4   0x00000884   Code   RO         5528    i.my_fun_DAC_evref_auto_ajust  my_dac.o
    0x0800c868   0x000001cc   Code   RO         6264    i.my_fun_RX_CC1101_text0_RX_OK  my_os.o
    0x0800ca34   0x00000478   Code   RO         5529    i.my_fun_Set_DAC_I_ref  my_dac.o
    0x0800ceac   0x00000024   Code   RO         6265    i.my_fun_TX_CC1101_heart  my_os.o
    0x0800ced0   0x0000003c   Code   RO         6266    i.my_fun_TX_CC1101_test0  my_os.o
    0x0800cf0c   0x00000040   Code   RO         6267    i.my_fun_TX_CC1101_test1  my_os.o
    0x0800cf4c   0x0000003c   Code   RO         6268    i.my_fun_TX_CC1101_test2  my_os.o
    0x0800cf88   0x0000003c   Code   RO         6269    i.my_fun_TX_CC1101_test3  my_os.o
    0x0800cfc4   0x0000006c   Code   RO         6270    i.my_fun_TX_CC1101_test4  my_os.o
    0x0800d030   0x0000003c   Code   RO         6271    i.my_fun_TX_CC1101_test5  my_os.o
    0x0800d06c   0x000000cc   Code   RO         5615    i.my_fun_current_exit_just  my_wave_rec.o
    0x0800d138   0x00000050   Code   RO         6054    i.my_fun_display_buf_16  my_cc1101.o
    0x0800d188   0x00000008   Code   RO         5616    i.my_fun_get_Line_stop_Efild  my_wave_rec.o
    0x0800d190   0x000000b0   Code   RO         6272    i.my_fun_give_Queue  my_os.o
    0x0800d240   0x000000ec   Code   RO         6276    i.my_fun_task_heap_value  my_os.o
    0x0800d32c   0x00000038   Code   RO         6277    i.my_fun_usart_init_resume  my_os.o
    0x0800d364   0x000000ac   Code   RO         5618    i.my_fun_wave1_to_wave2_old_data  my_wave_rec.o
    0x0800d410   0x0000001e   Code   RO         5619    i.my_fun_wave_rec   my_wave_rec.o
    0x0800d42e   0x00000002   PAD
    0x0800d430   0x00000374   Code   RO         6441    i.my_fun_write_update_data_to_FLASH  bsp_iap.o
    0x0800d7a4   0x00000078   Code   RO         6056    i.my_read_all_reg   my_cc1101.o
    0x0800d81c   0x00000018   Code   RO         6790    i.osDelay           cmsis_os.o
    0x0800d834   0x0000000a   Code   RO         6793    i.osKernelStart     cmsis_os.o
    0x0800d83e   0x00000012   Code   RO         6802    i.osMessageCreate   cmsis_os.o
    0x0800d850   0x0000000c   Code   RO         6808    i.osMutexCreate     cmsis_os.o
    0x0800d85c   0x00000010   Code   RO         6826    i.osSystickHandler  cmsis_os.o
    0x0800d86c   0x00000030   Code   RO         6827    i.osThreadCreate    cmsis_os.o
    0x0800d89c   0x00000028   Code   RO         6838    i.osTimerCreate     cmsis_os.o
    0x0800d8c4   0x00000068   Code   RO         6840    i.osTimerStart      cmsis_os.o
    0x0800d92c   0x00000098   Code   RO         7324    i.prvAddCurrentTaskToDelayedList  tasks.o
    0x0800d9c4   0x000000b4   Code   RO         7325    i.prvAddNewTaskToReadyList  tasks.o
    0x0800da78   0x00000064   Code   RO         7643    i.prvCheckForValidListAndQueue  timers.o
    0x0800dadc   0x00000064   Code   RO         7326    i.prvCheckTasksWaitingTermination  tasks.o
    0x0800db40   0x0000002a   Code   RO         7162    i.prvCopyDataFromQueue  queue.o
    0x0800db6a   0x0000007c   Code   RO         7163    i.prvCopyDataToQueue  queue.o
    0x0800dbe6   0x00000012   Code   RO         7327    i.prvDeleteTCB      tasks.o
    0x0800dbf8   0x0000004c   Code   RO         7328    i.prvGetExpectedIdleTime  tasks.o
    0x0800dc44   0x00000028   Code   RO         7644    i.prvGetNextExpireTime  timers.o
    0x0800dc6c   0x0000007c   Code   RO         6625    i.prvHeapInit       heap_4.o
    0x0800dce8   0x0000007c   Code   RO         7329    i.prvIdleTask       tasks.o
    0x0800dd64   0x0000001c   Code   RO         7164    i.prvInitialiseMutex  queue.o
    0x0800dd80   0x00000026   Code   RO         7165    i.prvInitialiseNewQueue  queue.o
    0x0800dda6   0x000000b2   Code   RO         7330    i.prvInitialiseNewTask  tasks.o
    0x0800de58   0x0000004e   Code   RO         7645    i.prvInitialiseNewTimer  timers.o
    0x0800dea6   0x00000002   PAD
    0x0800dea8   0x00000068   Code   RO         7331    i.prvInitialiseTaskLists  tasks.o
    0x0800df10   0x00000068   Code   RO         6626    i.prvInsertBlockIntoFreeList  heap_4.o
    0x0800df78   0x00000058   Code   RO         7646    i.prvInsertTimerInActiveList  timers.o
    0x0800dfd0   0x0000001a   Code   RO         7166    i.prvIsQueueEmpty   queue.o
    0x0800dfea   0x0000001e   Code   RO         7167    i.prvIsQueueFull    queue.o
    0x0800e008   0x00000064   Code   RO         7647    i.prvProcessExpiredTimer  timers.o
    0x0800e06c   0x00000124   Code   RO         7648    i.prvProcessReceivedCommands  timers.o
    0x0800e190   0x00000074   Code   RO         7649    i.prvProcessTimerOrBlockTask  timers.o
    0x0800e204   0x00000034   Code   RO         7332    i.prvResetNextTaskUnblockTime  tasks.o
    0x0800e238   0x0000002c   Code   RO         7650    i.prvSampleTimeNow  timers.o
    0x0800e264   0x000000a0   Code   RO         7651    i.prvSwitchTimerLists  timers.o
    0x0800e304   0x00000016   Code   RO         7333    i.prvTaskCheckFreeStackSpace  tasks.o
    0x0800e31a   0x00000002   PAD
    0x0800e31c   0x00000040   Code   RO         6543    i.prvTaskExitError  port.o
    0x0800e35c   0x0000001e   Code   RO         6695    i.prvTestWaitCondition  event_groups.o
    0x0800e37a   0x0000001a   Code   RO         7652    i.prvTimerTask      timers.o
    0x0800e394   0x0000007e   Code   RO         7168    i.prvUnlockQueue    queue.o
    0x0800e412   0x00000002   PAD
    0x0800e414   0x0000013c   Code   RO         6627    i.pvPortMalloc      heap_4.o
    0x0800e550   0x00000020   Code   RO         7335    i.pvTaskIncrementMutexHeldCount  tasks.o
    0x0800e570   0x0000002c   Code   RO         6544    i.pxPortInitialiseStack  port.o
    0x0800e59c   0x00000028   Code   RO         7606    i.uxListRemove      list.o
    0x0800e5c4   0x00000028   Code   RO         7337    i.uxTaskGetStackHighWaterMark  tasks.o
    0x0800e5ec   0x0000001c   Code   RO         7340    i.uxTaskResetEventItemValue  tasks.o
    0x0800e608   0x00000010   Code   RO         6698    i.vEventGroupSetBitsCallback  event_groups.o
    0x0800e618   0x0000001a   Code   RO         7607    i.vListInitialise   list.o
    0x0800e632   0x00000006   Code   RO         7608    i.vListInitialiseItem  list.o
    0x0800e638   0x00000034   Code   RO         7609    i.vListInsert       list.o
    0x0800e66c   0x00000018   Code   RO         7610    i.vListInsertEnd    list.o
    0x0800e684   0x00000054   Code   RO         6546    i.vPortEnterCritical  port.o
    0x0800e6d8   0x0000003c   Code   RO         6547    i.vPortExitCritical  port.o
    0x0800e714   0x00000094   Code   RO         6628    i.vPortFree         heap_4.o
    0x0800e7a8   0x0000005c   Code   RO         6548    i.vPortSetupTimerInterrupt  port.o
    0x0800e804   0x0000015c   Code   RO         6549    i.vPortSuppressTicksAndSleep  port.o
    0x0800e960   0x00000078   Code   RO         6550    i.vPortValidateInterruptPriority  port.o
    0x0800e9d8   0x0000002c   Code   RO         7172    i.vQueueAddToRegistry  queue.o
    0x0800ea04   0x0000004a   Code   RO         7175    i.vQueueWaitForMessageRestricted  queue.o
    0x0800ea4e   0x00000002   PAD
    0x0800ea50   0x0000005c   Code   RO         7341    i.vTaskDelay        tasks.o
    0x0800eaac   0x0000000c   Code   RO         7344    i.vTaskMissedYield  tasks.o
    0x0800eab8   0x00000038   Code   RO         7345    i.vTaskPlaceOnEventList  tasks.o
    0x0800eaf0   0x00000040   Code   RO         7346    i.vTaskPlaceOnEventListRestricted  tasks.o
    0x0800eb30   0x0000006c   Code   RO         7347    i.vTaskPlaceOnUnorderedEventList  tasks.o
    0x0800eb9c   0x000000b0   Code   RO         7348    i.vTaskPriorityInherit  tasks.o
    0x0800ec4c   0x00000030   Code   RO         7351    i.vTaskSetTimeOutState  tasks.o
    0x0800ec7c   0x00000094   Code   RO         7352    i.vTaskStartScheduler  tasks.o
    0x0800ed10   0x00000040   Code   RO         7353    i.vTaskStepTick     tasks.o
    0x0800ed50   0x00000010   Code   RO         7355    i.vTaskSuspendAll   tasks.o
    0x0800ed60   0x0000008c   Code   RO         7356    i.vTaskSwitchContext  tasks.o
    0x0800edec   0x0000001a   Code   RO         6700    i.xEventGroupCreate  event_groups.o
    0x0800ee06   0x000000d4   Code   RO         6702    i.xEventGroupSetBits  event_groups.o
    0x0800eeda   0x00000002   PAD
    0x0800eedc   0x0000015a   Code   RO         6704    i.xEventGroupWaitBits  event_groups.o
    0x0800f036   0x00000002   PAD
    0x0800f038   0x0000013c   Code   RO         6551    i.xPortStartScheduler  port.o
    0x0800f174   0x00000034   Code   RO         6552    i.xPortSysTickHandler  port.o
    0x0800f1a8   0x00000022   Code   RO         7176    i.xQueueCreateMutex  queue.o
    0x0800f1ca   0x00000058   Code   RO         7177    i.xQueueGenericCreate  queue.o
    0x0800f222   0x00000002   PAD
    0x0800f224   0x000001c4   Code   RO         7178    i.xQueueGenericReceive  queue.o
    0x0800f3e8   0x00000098   Code   RO         7179    i.xQueueGenericReset  queue.o
    0x0800f480   0x000001a8   Code   RO         7180    i.xQueueGenericSend  queue.o
    0x0800f628   0x000000fe   Code   RO         7181    i.xQueueGenericSendFromISR  queue.o
    0x0800f726   0x00000002   PAD
    0x0800f728   0x0000008c   Code   RO         7357    i.xTaskCheckForTimeOut  tasks.o
    0x0800f7b4   0x00000066   Code   RO         7358    i.xTaskCreate       tasks.o
    0x0800f81a   0x00000002   PAD
    0x0800f81c   0x00000020   Code   RO         7360    i.xTaskGetSchedulerState  tasks.o
    0x0800f83c   0x0000000c   Code   RO         7361    i.xTaskGetTickCount  tasks.o
    0x0800f848   0x00000148   Code   RO         7363    i.xTaskIncrementTick  tasks.o
    0x0800f990   0x000000c8   Code   RO         7364    i.xTaskPriorityDisinherit  tasks.o
    0x0800fa58   0x0000009c   Code   RO         7365    i.xTaskRemoveFromEventList  tasks.o
    0x0800faf4   0x000000b0   Code   RO         7366    i.xTaskRemoveFromUnorderedEventList  tasks.o
    0x0800fba4   0x00000104   Code   RO         7367    i.xTaskResumeAll    tasks.o
    0x0800fca8   0x00000036   Code   RO         7655    i.xTimerCreate      timers.o
    0x0800fcde   0x00000002   PAD
    0x0800fce0   0x00000058   Code   RO         7656    i.xTimerCreateTimerTask  timers.o
    0x0800fd38   0x00000084   Code   RO         7657    i.xTimerGenericCommand  timers.o
    0x0800fdbc   0x00000034   Code   RO         7663    i.xTimerPendFunctionCallFromISR  timers.o
    0x0800fdf0   0x00000048   Data   RO            6    .constdata          system_stm32l4xx.o
    0x0800fe38   0x00000014   Data   RO         4643    .constdata          main.o
    0x0800fe4c   0x00000078   Data   RO         5860    .constdata          freertos.o
    0x0800fec4   0x0000005e   Data   RO         6058    .constdata          my_cc1101.o
    0x0800ff22   0x00000002   PAD
    0x0800ff24   0x00000061   Data   RO         5332    .conststring        my_time.o
    0x0800ff85   0x00000003   PAD
    0x0800ff88   0x00000044   Data   RO         5487    .conststring        my_adc.o
    0x0800ffcc   0x00000089   Data   RO         5530    .conststring        my_dac.o
    0x08010055   0x00000003   PAD
    0x08010058   0x0000005a   Data   RO         5573    .conststring        my_exit.o
    0x080100b2   0x00000002   PAD
    0x080100b4   0x000000b4   Data   RO         5621    .conststring        my_wave_rec.o
    0x08010168   0x00000094   Data   RO         5861    .conststring        freertos.o
    0x080101fc   0x00000020   Data   RO         8122    Region$$Table       anon$$obj.o


    Execution Region RW_IRAM1 (Base: 0x20000000, Size: 0x00016058, Max: 0x00018000, ABSOLUTE, COMPRESSED[0x000000c4])

    Base Addr    Size         Type   Attr      Idx    E Section Name        Object

    0x20000000   0x00000004   Data   RW            7    .data               system_stm32l4xx.o
    0x20000004   0x00000004   Data   RW          344    .data               stm32l4xx_hal.o
    0x20000008   0x00000001   Data   RW         4644    .data               main.o
    0x20000009   0x00000003   PAD
    0x2000000c   0x00000004   Data   RW         5009    .data               adc.o
    0x20000010   0x00000034   Data   RW         5170    .data               my_gloabal_val.o
    0x20000044   0x00000001   Data   RW         5250    .data               my_usart_change.o
    0x20000045   0x00000003   Data   RW         5333    .data               my_time.o
    0x20000048   0x00000010   Data   RW         5488    .data               my_adc.o
    0x20000058   0x00000030   Data   RW         5531    .data               my_dac.o
    0x20000088   0x00000001   Data   RW         5574    .data               my_exit.o
    0x20000089   0x00000007   PAD
    0x20000090   0x000000b0   Data   RW         5622    .data               my_wave_rec.o
    0x20000140   0x0000079d   Data   RW         5768    .data               my_101.o
    0x200008dd   0x00000003   PAD
    0x200008e0   0x00000036   Data   RW         5862    .data               freertos.o
    0x20000916   0x00000057   Data   RW         6059    .data               my_cc1101.o
    0x2000096d   0x00000001   PAD
    0x2000096e   0x0000000d   Data   RW         6278    .data               my_os.o
    0x2000097b   0x00000001   PAD
    0x2000097c   0x00000004   Data   RW         6443    .data               bsp_iap.o
    0x20000980   0x00000018   Data   RW         6553    .data               port.o
    0x20000998   0x00000018   Data   RW         6633    .data               heap_4.o
    0x200009b0   0x0000003c   Data   RW         7370    .data               tasks.o
    0x200009ec   0x00000014   Data   RW         7665    .data               timers.o
    0x20000a00   0x00000004   Data   RW         8097    .data               mc_w.l(stdout.o)
    0x20000a04   0x00000004   Data   RW         8109    .data               mc_w.l(errno.o)
    0x20000a08   0x00000020   Zero   RW         2176    .bss                stm32l4xx_hal_flash.o
    0x20000a28   0x00000160   Zero   RW         5008    .bss                adc.o
    0x20000b88   0x00000070   Zero   RW         5066    .bss                usart.o
    0x20000bf8   0x00000014   Zero   RW         5108    .bss                dac.o
    0x20000c0c   0x00000004   PAD
    0x20000c10   0x0000f2b0   Zero   RW         5169    .bss                my_gloabal_val.o
    0x2000fec0   0x00000078   Zero   RW         5398    .bss                tim.o
    0x2000ff38   0x00000024   Zero   RW         5445    .bss                rtc.o
    0x2000ff5c   0x00000004   PAD
    0x2000ff60   0x00000798   Zero   RW         5620    .bss                my_wave_rec.o
    0x200106f8   0x0000003c   Zero   RW         5944    .bss                stm32l4xx_hal_timebase_tim.o
    0x20010734   0x00000064   Zero   RW         5984    .bss                spi.o
    0x20010798   0x00001b58   Zero   RW         6057    .bss                my_cc1101.o
    0x200122f0   0x00000800   Zero   RW         6442    .bss                bsp_iap.o
    0x20012af0   0x00000810   Zero   RW         6495    .bss                bsp_stm_flash.o
    0x20013300   0x00002800   Zero   RW         6632    .bss                heap_4.o
    0x20015b00   0x00000040   Zero   RW         7187    .bss                queue.o
    0x20015b40   0x000000f0   Zero   RW         7369    .bss                tasks.o
    0x20015c30   0x00000028   Zero   RW         7664    .bss                timers.o
    0x20015c58   0x00000400   Zero   RW         4605    STACK               startup_stm32l471xx.o


==============================================================================

Image component sizes


      Code (inc. data)   RO Data    RW Data    ZI Data      Debug   Object Name

       940        110          0          4        352       2894   adc.o
      1038        518          0          4       2048       2596   bsp_iap.o
       380         12          0          0       2064       3546   bsp_stm_flash.o
       302          8          0          0          0      18127   cmsis_os.o
       204         34          0          0         20       1661   dac.o
        96          6          0          0          0        790   dma.o
       630          6          0          0          0      14856   event_groups.o
      2968        586        268         54          0       8713   freertos.o
       544         28          0          0          0       1183   gpio.o
       692         62          0         24      10240      14327   heap_4.o
       148          0          0          0          0       3586   list.o
      1780        466         20          1          0      25899   main.o
      1840        194          0       1949          0       9896   my_101.o
       920        138         68         16          0       2572   my_adc.o
      4200        536         94         87       7000      23156   my_cc1101.o
      3324        490        137         48          0       2628   my_dac.o
       736        262         90          1          0       1344   my_exit.o
         0          0          0         52      62128       3095   my_gloabal_val.o
      2126        716          0         13          0      39323   my_os.o
       732        132         97          3          0       4180   my_time.o
       528          6          0          0          0       4662   my_usart.o
       184         28          0          1          0       1641   my_usart_change.o
      8276        986        180        176       1944      16234   my_wave_rec.o
      1398        114          0         24          0      13358   port.o
      1936         22          0          0         64      15757   queue.o
       108         34          0          0         36       1423   rtc.o
       192         38          0          0        100       1625   spi.o
        36          8        392          0       1024        808   startup_stm32l471xx.o
        82         10          0          4          0       3556   stm32l4xx_hal.o
      3028         84          0          0          0       9209   stm32l4xx_hal_adc.o
       344         12          0          0          0       1779   stm32l4xx_hal_adc_ex.o
       468         42          0          0          0      33549   stm32l4xx_hal_cortex.o
       700          0          0          0          0       5719   stm32l4xx_hal_dac.o
         2          0          0          0          0        991   stm32l4xx_hal_dac_ex.o
       790         10          0          0          0       4314   stm32l4xx_hal_dma.o
       860         50          0          0         32       5550   stm32l4xx_hal_flash.o
       540         28          0          0          0       3207   stm32l4xx_hal_flash_ex.o
       574         40          0          0          0       3734   stm32l4xx_hal_gpio.o
       144          4          0          0          0        898   stm32l4xx_hal_msp.o
       156         18          0          0          0       1358   stm32l4xx_hal_pwr_ex.o
      2800        106          0          0          0       7733   stm32l4xx_hal_rcc.o
      2084         44          0          0          0       3916   stm32l4xx_hal_rcc_ex.o
       352          4          0          0          0       2616   stm32l4xx_hal_rtc.o
      1298          0          0          0          0       6060   stm32l4xx_hal_spi.o
       688         32          0          0          0       5719   stm32l4xx_hal_tim.o
       112         10          0          0          0       2586   stm32l4xx_hal_tim_ex.o
       136         18          0          0         60       1505   stm32l4xx_hal_timebase_tim.o
      2880         56          0          0          0      12184   stm32l4xx_hal_uart.o
         2          0          0          0          0        964   stm32l4xx_hal_uart_ex.o
       408        196          0          0          0      11680   stm32l4xx_it.o
        80         12         72          4          0     826173   system_stm32l4xx.o
      3496        464          0         60        240      30334   tasks.o
       304         64          0          0        120       2167   tim.o
      1370        120          0         20         40      13250   timers.o
       184         32          0          0        112       1646   usart.o

    ----------------------------------------------------------------------
     60214       6996       1460       2560      87632    1242277   Object Totals
         0          0         32          0          0          0   (incl. Generated)
        74          0         10         15          8          0   (incl. Padding)

    ----------------------------------------------------------------------

      Code (inc. data)   RO Data    RW Data    ZI Data      Debug   Library Member Name

        20          0          0          0          0        124   fabs.o
       122          0          0          0          0        148   sqrt.o
        86          0          0          0          0          0   __dczerorl2.o
         0          0          0          0          0          0   entry.o
         0          0          0          0          0          0   entry10a.o
         0          0          0          0          0          0   entry11a.o
         8          4          0          0          0          0   entry2.o
         4          0          0          0          0          0   entry5.o
         0          0          0          0          0          0   entry7b.o
         0          0          0          0          0          0   entry8b.o
         8          4          0          0          0          0   entry9a.o
        12          6          0          4          0         68   errno.o
        30          0          0          0          0          0   handlers.o
        36          8          0          0          0         68   init.o
         0          0          0          0          0          0   iusefp.o
        30          0          0          0          0         68   llshl.o
        36          0          0          0          0         68   llsshr.o
        32          0          0          0          0         68   llushr.o
        36          0          0          0          0         68   memcpya.o
        36          0          0          0          0        108   memseta.o
      2270         90          0          0          0        452   printfa.o
         0          0          0          4          0          0   stdout.o
        14          0          0          0          0         68   strlen.o
        44          0          0          0          0         80   uidiv.o
       104          0          0          0          0         92   uldiv.o
        48          0          0          0          0         68   cdcmple.o
        48          0          0          0          0         68   cdrcmple.o
       350          0          0          0          0        148   dadd.o
       222          0          0          0          0        100   ddiv.o
       186          0          0          0          0        176   depilogue.o
        62          0          0          0          0         80   dfixi.o
        50          0          0          0          0         76   dfixui.o
        48          0          0          0          0         68   dfixul.o
        34          0          0          0          0         76   dflti.o
        26          0          0          0          0         76   dfltui.o
       234          0          0          0          0         96   dmul.o
       162          0          0          0          0        100   dsqrt.o

    ----------------------------------------------------------------------
      4402        112          0          8          0       2612   Library Totals
         4          0          0          0          0          0   (incl. Padding)

    ----------------------------------------------------------------------

      Code (inc. data)   RO Data    RW Data    ZI Data      Debug   Library Name

       142          0          0          0          0        272   m_wm.l
      2786        112          0          8          0       1208   mc_w.l
      1470          0          0          0          0       1132   mf_w.l

    ----------------------------------------------------------------------
      4402        112          0          8          0       2612   Library Totals

    ----------------------------------------------------------------------

==============================================================================


      Code (inc. data)   RO Data    RW Data    ZI Data      Debug   

     64616       7108       1460       2568      87632    1211577   Grand Totals
     64616       7108       1460        196      87632    1211577   ELF Image Totals (compressed)
     64616       7108       1460        196          0          0   ROM Totals

==============================================================================

    Total RO  Size (Code + RO Data)                66076 (  64.53kB)
    Total RW  Size (RW Data + ZI Data)             90200 (  88.09kB)
    Total ROM Size (Code + RO Data + RW Data)      66272 (  64.72kB)

==============================================================================

